-- JRL cmakemodules found in 'cmake/' git submodule
-- Configuring "pinocchio" (http://github.com/stack-of-tasks/pinocchio)
-- Package version (ROS package.xml): 3.9.0
-- The CXX compiler identification is GNU 11.4.0
-- Detecting CXX compiler ABI info
-- Detecting CXX compiler ABI info - done
-- Check for working CXX compiler: /usr/bin/c++ - skipped
-- Detecting CXX compile features
-- Detecting CXX compile features - done
-- Found PkgConfig: /usr/bin/pkg-config (found version "0.29.2") 
-- Performing Test res_-pedantic
-- Performing Test res_-pedantic - Success
-- Performing Test res_-Wno-long-long
-- Performing Test res_-Wno-long-long - Success
-- Performing Test res_-Wall
-- Performing Test res_-Wall - Success
-- Performing Test res_-Wextra
-- Performing Test res_-Wextra - Success
-- Performing Test res_-Wcast-align
-- Performing Test res_-Wcast-align - Success
-- Performing Test res_-Wcast-qual
-- Performing Test res_-Wcast-qual - Success
-- Performing Test res_-Wformat
-- Performing Test res_-Wformat - Success
-- Performing Test res_-Wwrite-strings
-- Performing Test res_-Wwrite-strings - Success
-- Performing Test res_-Wconversion
-- Performing Test res_-Wconversion - Success
-- Found Doxygen: /usr/bin/doxygen (found version "1.9.1") found components: doxygen dot 
-- Doxygen version inferior to 1.9.2. If MathJax is enabled, v2.7 will be used.
-- Default C++ standard: 201703
-- Minimal C++ standard upgraded to 11
-- C++ standard sufficient: Minimal required 11, currently defined: 17
-- CMAKE_CXX_STANDARD was not set: automatically set to currently defined standard 17
-- Template instantiation of the main library
-- C++ standard sufficient: Minimal required 11, currently defined: 17
-- Since urdfdom >= 1.0.0, the default C++ standard is C++11. The project is then compiled with C++11 standard.
-- Found Boost: /usr/include (found version "1.74.0") found components: filesystem serialization 
-- C++ standard sufficient: Minimal required 11, currently defined: 17
-- Since urdfdom >= 1.0.0, the default C++ standard is C++11. The project is then compiled with C++11 standard.
-- Pinocchio won't be compiled with its Python bindings. If you want to enable this feature, please set the option BUILD_PYTHON_INTERFACE to ON.
-- coal FOUND. coal at /home/rocos/sia/AVIATOR/build/aviator_clearance/third_party/install/lib/libcoal.so
-- Found Boost: /usr/include (found version "1.74.0") found components: serialization filesystem 
-- C++ standard sufficient: Minimal required 11, currently defined: 17
-- Found Boost: /usr/include (found version "1.74.0") found components: unit_test_framework 
-- Performing Test res_-Wno-maybe-uninitialized
-- Performing Test res_-Wno-maybe-uninitialized - Success
-- Performing Test res_-Wuse-after-free=0
-- Performing Test res_-Wuse-after-free=0 - Failed
-- Create files for AMENT (ROS 2)
-- Configuring done (1.0s)
-- Generating done (0.1s)
-- Build files have been written to: /home/rocos/sia/AVIATOR/build/aviator_clearance/third_party/build/pinocchio-3.9.0
