{
  "counts": {
    "target.streaming.None": 1,
    "target.derivatives.False": 98562,
    "arm.execution_target.valid14": 98715,
    "arm.left.joint_position.nonnull": 98715,
    "arm.left.joint_velocity.nonnull": 98715,
    "arm.left.tcp_pose.nonnull": 98715,
    "arm.right.joint_position.nonnull": 98715,
    "arm.right.joint_velocity.nonnull": 98715,
    "arm.right.tcp_pose.nonnull": 98715,
    "flight.camera_freshness.False": 47496,
    "flight.vision.OFFLINE": 47496,
    "target.streaming.False": 52515,
    "camera.steering_wheel.valid.True": 23808,
    "hand.left.joint_position.nonnull": 0,
    "hand.left.joint_velocity.nonnull": 0,
    "hand.left.drive_position_normalized.nonnull": 16454,
    "hand.left.force.nonnull": 16454,
    "hand.left.current.nonnull": 16454,
    "hand.left.temperature.nonnull": 16454,
    "hand.right.joint_position.nonnull": 0,
    "hand.right.joint_velocity.nonnull": 0,
    "hand.right.drive_position_normalized.nonnull": 16454,
    "hand.right.force.nonnull": 16454,
    "hand.right.current.nonnull": 16454,
    "hand.right.temperature.nonnull": 16454,
    "target.streaming.True": 46199,
    "camera.steering_wheel.valid.False": 5065,
    "target.derivatives.True": 153
  },
  "invalid_window_by_phase": {
    "CONTROL": 46039,
    "FOLLOWING": 7
  },
  "reason_range_count": 6
}
{
  "input_packets": 29143,
  "ffmpeg_exit_code": 0,
  "sensor_gap_events": [
    {
      "previous_sensor_sequence": 8271,
      "next_sensor_sequence": 8274,
      "missing": 2,
      "application_frame_id_delta": 1,
      "log_ns": 1790881958515305000
    },
    {
      "previous_sensor_sequence": 9167,
      "next_sensor_sequence": 9178,
      "missing": 10,
      "application_frame_id_delta": 1,
      "log_ns": 1790881988771600000
    },
    {
      "previous_sensor_sequence": 9599,
      "next_sensor_sequence": 9601,
      "missing": 1,
      "application_frame_id_delta": 1,
      "log_ns": 1790882002948166000
    },
    {
      "previous_sensor_sequence": 10208,
      "next_sensor_sequence": 10210,
      "missing": 1,
      "application_frame_id_delta": 1,
      "log_ns": 1790882023745562000
    },
    {
      "previous_sensor_sequence": 10269,
      "next_sensor_sequence": 10271,
      "missing": 1,
      "application_frame_id_delta": 1,
      "log_ns": 1790882025804628000
    },
    {
      "previous_sensor_sequence": 13190,
      "next_sensor_sequence": 13192,
      "missing": 1,
      "application_frame_id_delta": 1,
      "log_ns": 1790882125798148000
    },
    {
      "previous_sensor_sequence": 17052,
      "next_sensor_sequence": 17054,
      "missing": 1,
      "application_frame_id_delta": 1,
      "log_ns": 1790882256750990000
    },
    {
      "previous_sensor_sequence": 17473,
      "next_sensor_sequence": 17475,
      "missing": 1,
      "application_frame_id_delta": 1,
      "log_ns": 1790882270966717000
    },
    {
      "previous_sensor_sequence": 19288,
      "next_sensor_sequence": 19290,
      "missing": 1,
      "application_frame_id_delta": 1,
      "log_ns": 1790882332471176000
    },
    {
      "previous_sensor_sequence": 19366,
      "next_sensor_sequence": 19368,
      "missing": 1,
      "application_frame_id_delta": 1,
      "log_ns": 1790882335371386000
    },
    {
      "previous_sensor_sequence": 25067,
      "next_sensor_sequence": 25069,
      "missing": 1,
      "application_frame_id_delta": 1,
      "log_ns": 1790882531381913000
    },
    {
      "previous_sensor_sequence": 26363,
      "next_sensor_sequence": 26365,
      "missing": 1,
      "application_frame_id_delta": 1,
      "log_ns": 1790882575690616000
    },
    {
      "previous_sensor_sequence": 26531,
      "next_sensor_sequence": 26533,
      "missing": 1,
      "application_frame_id_delta": 1,
      "log_ns": 1790882581662817000
    },
    {
      "previous_sensor_sequence": 28923,
      "next_sensor_sequence": 28925,
      "missing": 1,
      "application_frame_id_delta": 1,
      "log_ns": 1790882664744980000
    },
    {
      "previous_sensor_sequence": 28953,
      "next_sensor_sequence": 28955,
      "missing": 1,
      "application_frame_id_delta": 1,
      "log_ns": 1790882665777511000
    },
    {
      "previous_sensor_sequence": 29646,
      "next_sensor_sequence": 29651,
      "missing": 4,
      "application_frame_id_delta": 1,
      "log_ns": 1790882690006844000
    },
    {
      "previous_sensor_sequence": 29682,
      "next_sensor_sequence": 29684,
      "missing": 1,
      "application_frame_id_delta": 1,
      "log_ns": 1790882691182070000
    },
    {
      "previous_sensor_sequence": 29732,
      "next_sensor_sequence": 29734,
      "missing": 1,
      "application_frame_id_delta": 1,
      "log_ns": 1790882692980653000
    },
    {
      "previous_sensor_sequence": 29784,
      "next_sensor_sequence": 29786,
      "missing": 1,
      "application_frame_id_delta": 1,
      "log_ns": 1790882694752673000
    },
    {
      "previous_sensor_sequence": 31266,
      "next_sensor_sequence": 31268,
      "missing": 1,
      "application_frame_id_delta": 1,
      "log_ns": 1790882745737016000
    },
    {
      "previous_sensor_sequence": 32317,
      "next_sensor_sequence": 32319,
      "missing": 1,
      "application_frame_id_delta": 1,
      "log_ns": 1790882781652292000
    },
    {
      "previous_sensor_sequence": 32343,
      "next_sensor_sequence": 32345,
      "missing": 1,
      "application_frame_id_delta": 1,
      "log_ns": 1790882782574350000
    },
    {
      "previous_sensor_sequence": 32349,
      "next_sensor_sequence": 32351,
      "missing": 1,
      "application_frame_id_delta": 1,
      "log_ns": 1790882782770443000
    },
    {
      "previous_sensor_sequence": 32550,
      "next_sensor_sequence": 32552,
      "missing": 1,
      "application_frame_id_delta": 1,
      "log_ns": 1790882789783616000
    },
    {
      "previous_sensor_sequence": 32555,
      "next_sensor_sequence": 32557,
      "missing": 1,
      "application_frame_id_delta": 1,
      "log_ns": 1790882789966644000
    }
  ]
}
