Scanning recording.mcap
{
  "file": "recording.mcap",
  "messages": 392437,
  "metadata": {
    "aviator": {
      "completeness": "unverified_pubsub",
      "effective_config": {
        "arm_command": {
          "mode": "compact"
        },
        "bus": {
          "queue_bytes": 16777216,
          "receive_hwm": 4096,
          "subscribe_endpoint": "tcp://127.0.0.1:5556"
        },
        "camera": {
          "compressed": {
            "depth": {
              "codec": "zstd",
              "level": 3
            },
            "rgb": {
              "b_frames": 0,
              "codec": "h264",
              "encoder": "software",
              "keyframe_interval_frames": 30,
              "pixel_format": "yuv420p",
              "target_bitrate_bps": 8000000
            }
          },
          "max_record_bytes": 16777216,
          "mode": "compressed",
          "overflow_policy": "drop_newest",
          "queue_bytes": 268435456,
          "receive_hwm": 16,
          "record_endpoint": "tcp://127.0.0.1:5557",
          "sources": [
            {
              "camera_id": "cockpit",
              "depth_pixel_format": "Z16",
              "depth_topic": "record.camera.cockpit.depth",
              "record_depth": false,
              "rgb_pixel_format": "RGB8",
              "rgb_topic": "record.camera.cockpit.rgb"
            }
          ]
        },
        "config_version": 1,
        "output": {
          "chunk_compression": "none",
          "chunk_size_bytes": 4194304,
          "image_path": "recording.images.mcap",
          "path": "recording.mcap"
        }
      },
      "node": "aviator_logger",
      "schema_scope": "common_header_and_service_envelope",
      "session_id": "run-1790881836916423-68949-1"
    },
    "recording_files": {
      "json": {
        "data_path": "recording.mcap",
        "image_path": "recording.images.mcap"
      }
    },
    "arm_target_recording": {
      "json": {
        "cache_evictions": 98660,
        "cache_windows": 64,
        "commands_omitted": 98724,
        "invalid_inputs": 0,
        "joint_order": "left.J1..J7,right.J1..J7",
        "matched_targets": 52668,
        "mode": "compact",
        "unmatched_targets": 46047
      }
    },
    "camera_recording": {
      "json": {
        "encoder_backend": "libx264",
        "encoder_preset": "veryfast",
        "invalid": 0,
        "missing_streams": [],
        "mode": "compressed",
        "queue_dropped": 0,
        "rejected": 0,
        "rgb_lossless": false,
        "state": "RECORDING"
      }
    },
    "summary": {
      "camera_message_count": 0,
      "channel_count": 10,
      "completeness": "unverified_pubsub",
      "duplicate_or_reordered": 0,
      "end_log_ns": 1790882824153640000,
      "invalid": 0,
      "message_count": 392437,
      "queue_dropped": 0,
      "rejected": 0,
      "sequence_gaps": 0,
      "session_id": "run-1790881836916423-68949-1",
      "start_log_ns": 1790881836925902000,
      "topics": [
        {
          "messages": 98715,
          "topic": "arm.state",
          "type": "ArmState"
        },
        {
          "messages": 28873,
          "topic": "camera.detection",
          "type": "CameraDetection"
        },
        {
          "messages": 49362,
          "topic": "flight.command",
          "type": "FlightCommand"
        },
        {
          "messages": 47496,
          "topic": "flight.state",
          "type": "FlightState"
        },
        {
          "messages": 47892,
          "topic": "hand.command",
          "type": "HandCommand"
        },
        {
          "messages": 16454,
          "topic": "hand.state",
          "type": "HandState"
        },
        {
          "messages": 98715,
          "topic": "record.arm.target",
          "type": "RecordedArmTarget"
        },
        {
          "messages": 7,
          "topic": "record.service.reply",
          "type": "ServiceReply"
        },
        {
          "messages": 7,
          "topic": "record.service.request",
          "type": "ServiceRequest"
        },
        {
          "messages": 4916,
          "topic": "system.state",
          "type": "SystemState"
        }
      ]
    }
  },
  "topics": [
    {
      "topic": "hand.command",
      "publisher": "aviator_core",
      "count": 47892,
      "hz": 48.51058996480506,
      "gaps": 0,
      "duplicates_or_reordered": 0,
      "valid": {
        "True": 47892
      },
      "reason": {},
      "statuses": {
        "mode:NORMALIZED_POSITION": 47892
      },
      "dt_ms": {
        "min": 3.663,
        "median": 20.615,
        "p99": 21.866,
        "max": 25.983,
        "over_100ms": 0,
        "over_1s": 0,
        "negative": 0
      }
    },
    {
      "topic": "record.arm.target",
      "publisher": "aviator_logger",
      "count": 98715,
      "hz": 99.99119483093273,
      "gaps": 0,
      "duplicates_or_reordered": 0,
      "valid": {
        "False": 46047,
        "True": 52668
      },
      "reason": {
        "accepted_window_not_cached": 1,
        "matched_position_only": 52515,
        "invalid_window": 46046,
        "matched": 153
      },
      "statuses": {},
      "dt_ms": {
        "min": 1.032,
        "median": 10.042,
        "p99": 12.762,
        "max": 27.05,
        "over_100ms": 0,
        "over_1s": 0,
        "negative": 0
      }
    },
    {
      "topic": "arm.state",
      "publisher": "manipulator",
      "count": 98715,
      "hz": 99.99119483093273,
      "gaps": 0,
      "duplicates_or_reordered": 0,
      "valid": {
        "True": 98715
      },
      "reason": {},
      "statuses": {},
      "dt_ms": {
        "min": 1.032,
        "median": 10.042,
        "p99": 12.762,
        "max": 27.05,
        "over_100ms": 0,
        "over_1s": 0,
        "negative": 0
      }
    },
    {
      "topic": "flight.command",
      "publisher": "flight_gateway",
      "count": 49362,
      "hz": 50.00000101294547,
      "gaps": 0,
      "duplicates_or_reordered": 0,
      "valid": {
        "True": 49362
      },
      "reason": {},
      "statuses": {
        "source:JOYSTICK": 49362
      },
      "dt_ms": {
        "min": 13.801,
        "median": 19.999,
        "p99": 21.461,
        "max": 25.865,
        "over_100ms": 0,
        "over_1s": 0,
        "negative": 0
      }
    },
    {
      "topic": "flight.state",
      "publisher": "aviator_core",
      "count": 47496,
      "hz": 48.11022104619144,
      "gaps": 0,
      "duplicates_or_reordered": 0,
      "valid": {
        "True": 47496
      },
      "reason": {},
      "statuses": {
        "system.state:STANDBY": 24351,
        "system.state:GRASPING": 455,
        "system.state:FOLLOWING": 465,
        "system.state:CONTROL": 21918,
        "system.state:RELEASING": 307
      },
      "dt_ms": {
        "min": 10.46,
        "median": 20.626,
        "p99": 25.461,
        "max": 39.152,
        "over_100ms": 0,
        "over_1s": 0,
        "negative": 0
      }
    },
    {
      "topic": "camera.detection",
      "publisher": "camera",
      "count": 28873,
      "hz": 29.24650168808798,
      "gaps": 0,
      "duplicates_or_reordered": 0,
      "valid": {
        "True": 23808,
        "False": 5065
      },
      "reason": {},
      "statuses": {
        "status:TRACKING": 23808,
        "status:SEARCHING": 5065
      },
      "dt_ms": {
        "min": 13.682,
        "median": 33.445499999999996,
        "p99": 66.104,
        "max": 372.176,
        "over_100ms": 16,
        "over_1s": 0,
        "negative": 0
      }
    },
    {
      "topic": "hand.state",
      "publisher": "rh56ftp_hand",
      "count": 16454,
      "hz": 16.66668353290874,
      "gaps": 0,
      "duplicates_or_reordered": 0,
      "valid": {
        "True": 16454
      },
      "reason": {},
      "statuses": {},
      "dt_ms": {
        "min": 45.331,
        "median": 60.175,
        "p99": 64.599,
        "max": 74.543,
        "over_100ms": 0,
        "over_1s": 0,
        "negative": 0
      }
    },
    {
      "topic": "system.state",
      "publisher": "aviator_core",
      "count": 4916,
      "hz": 4.979615303938135,
      "gaps": 0,
      "duplicates_or_reordered": 0,
      "valid": {
        "True": 4916
      },
      "reason": {},
      "statuses": {
        "system.state:STANDBY": 2499,
        "system.state:GRASPING": 48,
        "system.state:FOLLOWING": 47,
        "system.state:CONTROL": 2290,
        "system.state:RELEASING": 32
      },
      "dt_ms": {
        "min": 192.905,
        "median": 200.64,
        "p99": 205.818,
        "max": 213.814,
        "over_100ms": 4915,
        "over_1s": 0,
        "negative": 0
      }
    },
    {
      "topic": "record.service.request",
      "publisher": "flight_gateway",
      "count": 7,
      "hz": 0.011432340595050012,
      "gaps": 0,
      "duplicates_or_reordered": 0,
      "valid": {
        "not_present": 7
      },
      "reason": {},
      "statuses": {},
      "dt_ms": {
        "min": 878.179,
        "median": 56111.005999999994,
        "p99": 106342.572,
        "max": 296684.356,
        "over_100ms": 6,
        "over_1s": 5,
        "negative": 0
      }
    },
    {
      "topic": "record.service.reply",
      "publisher": "aviator_core",
      "count": 7,
      "hz": 0.011432394181649895,
      "gaps": 0,
      "duplicates_or_reordered": 0,
      "valid": {
        "not_present": 7
      },
      "reason": {},
      "statuses": {
        "status:COMPLETED": 4,
        "status:ACCEPTED": 3
      },
      "dt_ms": {
        "min": 882.193,
        "median": 56107.922,
        "p99": 106342.724,
        "max": 296682.917,
        "over_100ms": 6,
        "over_1s": 5,
        "negative": 0
      }
    }
  ]
}
Scanning recording.images.mcap
{
  "file": "recording.images.mcap",
  "messages": 29143,
  "metadata": {
    "aviator": {
      "completeness": "unverified_pubsub",
      "effective_config": {
        "arm_command": {
          "mode": "compact"
        },
        "bus": {
          "queue_bytes": 16777216,
          "receive_hwm": 4096,
          "subscribe_endpoint": "tcp://127.0.0.1:5556"
        },
        "camera": {
          "compressed": {
            "depth": {
              "codec": "zstd",
              "level": 3
            },
            "rgb": {
              "b_frames": 0,
              "codec": "h264",
              "encoder": "software",
              "keyframe_interval_frames": 30,
              "pixel_format": "yuv420p",
              "target_bitrate_bps": 8000000
            }
          },
          "max_record_bytes": 16777216,
          "mode": "compressed",
          "overflow_policy": "drop_newest",
          "queue_bytes": 268435456,
          "receive_hwm": 16,
          "record_endpoint": "tcp://127.0.0.1:5557",
          "sources": [
            {
              "camera_id": "cockpit",
              "depth_pixel_format": "Z16",
              "depth_topic": "record.camera.cockpit.depth",
              "record_depth": false,
              "rgb_pixel_format": "RGB8",
              "rgb_topic": "record.camera.cockpit.rgb"
            }
          ]
        },
        "config_version": 1,
        "output": {
          "chunk_compression": "none",
          "chunk_size_bytes": 4194304,
          "image_path": "recording.images.mcap",
          "path": "recording.mcap"
        }
      },
      "node": "aviator_logger",
      "schema_scope": "common_header_and_service_envelope",
      "session_id": "run-1790881836916423-68949-1"
    },
    "recording_files": {
      "json": {
        "data_path": "recording.mcap",
        "image_path": "recording.images.mcap"
      }
    },
    "camera_recording": {
      "json": {
        "encoder_backend": "libx264",
        "encoder_preset": "veryfast",
        "invalid": 0,
        "missing_streams": [],
        "mode": "compressed",
        "queue_dropped": 0,
        "rejected": 0,
        "rgb_lossless": false,
        "state": "RECORDING"
      }
    },
    "summary": {
      "camera_message_count": 29143,
      "channel_count": 1,
      "completeness": "unverified_pubsub",
      "duplicate_or_reordered": 0,
      "end_log_ns": 1790882833201398000,
      "invalid": 0,
      "message_count": 29143,
      "queue_dropped": 0,
      "rejected": 0,
      "sequence_gaps": 38,
      "session_id": "run-1790881836916423-68949-1",
      "start_log_ns": 1790881836971295000,
      "topics": [
        {
          "messages": 29143,
          "topic": "record.camera.cockpit.rgb",
          "type": "aviator.record.v1.CameraPacket"
        }
      ]
    }
  },
  "topics": [
    {
      "topic": "record.camera.cockpit.rgb",
      "publisher": "camera",
      "count": 29143,
      "hz": 29.252278075359463,
      "gaps": 38,
      "duplicates_or_reordered": 0,
      "valid": {
        "not_present": 29143
      },
      "reason": {},
      "statuses": {},
      "dt_ms": {
        "min": 17.532,
        "median": 33.454,
        "p99": 66.234,
        "max": 369.221,
        "over_100ms": 13,
        "over_1s": 0,
        "negative": 0
      }
    }
  ]
}
{'detection_frames': 28873, 'image_frames': 29143, 'detection_without_image': 1, 'image_without_detection': 271, 'detection_without_image_examples': [4648], 'image_without_detection_examples': [33521, 33522, 33523, 33524, 33525, 33526, 33527, 33528, 33529, 33530, 33531, 33532, 33533, 33534, 33535, 33536, 33537, 33538, 33539, 33540, 33541, 33542, 33543, 33544, 33545, 33546, 33547, 33548, 33549, 33550]}
