[h264_nvenc @ 0x7f1304000f00] Cannot load libcuda.so.1
[libx264 @ 0x7f1304000f00] using cpu capabilities: MMX2 SSE2Fast SSSE3 SSE4.2 AVX FMA3 BMI2 AVX2
[libx264 @ 0x7f1304000f00] profile High, level 3.1, 4:2:0, 8-bit
[libx264 @ 0x7f1304000f00] final ratefactor: -27.93
aviator_logger: Camera encoder (startup probe): libx264 (veryfast)

  +--- AVIATOR / aviator_logger ------------------------------------------------
  | SUB connect    tcp://127.0.0.1:37157
  | SUB topics     * (all topics; PUB/SUB delivery is unverified)
  | Output         /home/rocos/Documents/GitHub/AVIATOR/output/compressed-h264-auto-20260929-210801/data.mcap  (.partial -> atomic rename)
  | Image output   /home/rocos/Documents/GitHub/AVIATOR/output/compressed-h264-auto-20260929-210801/data.images.mcap
  | Session        c620c243-fbd9-45e8-beea-dc7419ea561d
  | Queue bytes    16777216
  | Camera mode    compressed
  | Camera ingress tcp://127.0.0.1:40661
  | Camera state   LISTENING (waiting for RGB/depth sources)
  | Exit           Ctrl+C (drain + finalize)
  +--------------------------------------------------------------------------

[h264_nvenc @ 0x7f130418de00] Cannot load libcuda.so.1
[libx264 @ 0x7f1304020300] using cpu capabilities: MMX2 SSE2Fast SSSE3 SSE4.2 AVX FMA3 BMI2 AVX2
[libx264 @ 0x7f1304020300] profile High, level 3.1, 4:2:0, 8-bit
aviator_logger: first image recorded -> record.camera.cockpit.rgb encoding="h264" encoder=libx264
[libx264 @ 0x7f1304020300] frame I:4     Avg QP:18.81  size:109016
[libx264 @ 0x7f1304020300] frame P:90    Avg QP:20.86  size: 31383
[libx264 @ 0x7f1304020300] mb I  I16..4:  9.0% 24.1% 67.0%
[libx264 @ 0x7f1304020300] mb P  I16..4:  9.0% 19.6%  1.7%  P16..4: 34.4%  6.9%  4.1%  0.0%  0.0%    skip:24.3%
[libx264 @ 0x7f1304020300] final ratefactor: 18.45
[libx264 @ 0x7f1304020300] 8x8 transform intra:59.4% inter:22.0%
[libx264 @ 0x7f1304020300] coded y,uvDC,uvAC intra: 97.0% 86.4% 26.0% inter: 32.2% 36.7% 0.1%
[libx264 @ 0x7f1304020300] i16 v,h,dc,p:  5% 10% 63% 21%
[libx264 @ 0x7f1304020300] i8 v,h,dc,ddl,ddr,vr,hd,vl,hu:  9% 14% 35%  6%  8%  6%  8%  6%  9%
[libx264 @ 0x7f1304020300] i4 v,h,dc,ddl,ddr,vr,hd,vl,hu: 14% 22% 19%  7%  8%  8%  8%  6%  8%
[libx264 @ 0x7f1304020300] i8c dc,h,v,p: 51% 27% 18%  5%
[libx264 @ 0x7f1304020300] Weighted P-Frames: Y:0.0% UV:0.0%
[libx264 @ 0x7f1304020300] kb/s:8324.83
recorded 188 messages across 2 topic(s)
  data: 94 messages -> /home/rocos/Documents/GitHub/AVIATOR/output/compressed-h264-auto-20260929-210801/data.mcap
  images: 94 messages -> /home/rocos/Documents/GitHub/AVIATOR/output/compressed-h264-auto-20260929-210801/data.images.mcap
  camera.detection  (CameraDetection)  94 msgs
  record.camera.cockpit.rgb  (aviator.record.v1.CameraPacket)  94 msgs
  window (UTC): 2026-09-29T13:08:06.583Z -> 2026-09-29T13:08:09.688Z
  sequence gaps: 0, duplicate/reordered: 0; completeness unverified (PUB/SUB)
