This file contains any messages produced by compilers while
running CMake, to aid debugging if configure makes a mistake.

It was created by pinocchio CMake configuration process 3.9.0, which was
generated by CMake 3.22.1.

## --------- ##
## Platform. ##
## --------- ##

hostname = sia-NUC12WSKi7
system = Linux-5.15.0-1082-realtime
processor = x86_64
generator = Ninja

PATH /home/sia/.local/bin
PATH /home/sia/.grok/bin
PATH /home/sia/.local/bin
PATH /home/sia/miniconda3/condabin
PATH /home/sia/.local/bin
PATH /usr/local/sbin
PATH /usr/local/bin
PATH /usr/sbin
PATH /usr/bin
PATH /sbin
PATH /bin
PATH /usr/games
PATH /usr/local/games
PATH /snap/bin
PATH /snap/bin
PATH /opt/Qt/Tools/QtCreator/bin

PKG_CONFIG_PATH undefined

## ---------------- ##
## CMake variables. ##
## ---------------- ##

CMAKE_ROOT = /usr/share/cmake-3.22
CMAKE_INCLUDE_PATH = 
CMAKE_LIBRARY_PATH = 
CMAKE_PREFIX_PATH = /home/sia/Documents/GitHub/AVIATOR/Aviator_hpp/third_party/_install
CMAKE_INSTALL_ALWAYS = 
CMAKE_SKIP_RPATH = NO
CMAKE_SUPPRESS_REGENERATION = 
BUILD_SHARED_LIBS = 

CMAKE_INSTALL_PREFIX = /home/sia/Documents/GitHub/AVIATOR/Aviator_hpp/third_party/_install
PROJECT_SOURCE_DIR = /home/sia/Documents/GitHub/AVIATOR/Aviator_hpp/third_party/pinocchio
PROJECT_SOURCE_DIR = /home/sia/Documents/GitHub/AVIATOR/Aviator_hpp/third_party/pinocchio
PROJECT_BINARY_DIR = /home/sia/Documents/GitHub/AVIATOR/Aviator_hpp/third_party/build/pinocchio
CMAKE_BINARY_DIR = /home/sia/Documents/GitHub/AVIATOR/Aviator_hpp/third_party/build/pinocchio

CMAKE_AR = /usr/bin/ar
CMAKE_RANLIB = /usr/bin/ranlib
CMAKE_BUILD_TYPE = Release
CMAKE_CONFIGURATION_TYPES = 
CMAKE_SHARED_LINKER_FLAGS = 

CMAKE_C_COMPILER = 
CMAKE_C_FLAGS = 
CMAKE_C_FLAGS_DEBUG = 
CMAKE_C_FLAGS_RELEASE = 
CMAKE_CXX_COMPILER = /usr/bin/c++
CMAKE_CXX_FLAGS = -pedantic -Wno-long-long -Wall -Wextra -Wcast-align -Wcast-qual -Wformat -Wwrite-strings -Wconversion 
CMAKE_CXX_FLAGS_DEBUG = -g
CMAKE_CXX_FLAGS_RELEASE = -O3 -DNDEBUG
CMAKE_CXX_FLAGS_RELWITHDEBINFO = -O2 -g -DNDEBUG

CMAKE_STATIC_LIBRARY_PREFIX = lib
CMAKE_STATIC_LIBRARY_SUFFIX = .a
CMAKE_SHARED_LIBRARY_PREFIX = lib
CMAKE_SHARED_LIBRARY_SUFFIX = .so
CMAKE_SHARED_MODULE_PREFIX = lib
CMAKE_SHARED_MODULE_SUFFIX = .so

## ------------------ ##
## Watched variables. ##
## ------------------ ##

WARNING_CXX_FLAGS = -pedantic -Wno-long-long -Wall -Wextra -Wcast-align -Wcast-qual -Wformat -Wwrite-strings -Wconversion
_PKG_CONFIG_FOUND = undefined
PKG_CONFIG_EXECUTABLE = /usr/bin/pkg-config
_PKG_CONFIG_PREFIX = ${pcfiledir}/../..
_PKG_CONFIG_EXEC_PREFIX = ${pcfiledir}/../..
_PKG_CONFIG_LIBDIR = ${pcfiledir}/../../lib
_PKG_CONFIG_BINDIR = ${pcfiledir}/../../bin
_PKG_CONFIG_PKGLIBDIR = ${pcfiledir}/../../lib/pinocchio
_PKG_CONFIG_INCLUDEDIR = ${pcfiledir}/../../include
_PKG_CONFIG_DATAROOTDIR = ${pcfiledir}/../../share
_PKG_CONFIG_PKGDATAROOTDIR = ${pcfiledir}/../../share
_PKG_CONFIG_DOCDIR = 
_PKG_CONFIG_DOXYGENDOCDIR = 
_PKG_CONFIG_PROJECT_NAME = pinocchio
_PKG_CONFIG_DESCRIPTION = A fast and flexible implementation of Rigid Body Dynamics algorithms and their analytical derivatives
_PKG_CONFIG_URL = http://github.com/stack-of-tasks/pinocchio
_PKG_CONFIG_VERSION = 3.9.0
_PKG_CONFIG_REQUIRES = eigen3 >= 3.0.5;urdfdom >= 0.2.0
_PKG_CONFIG_REQUIRES_DEBUG = 
_PKG_CONFIG_REQUIRES_OPTIMIZED = 
_PKG_CONFIG_COMPILE_TIME_REQUIRES = 
_PKG_CONFIG_CONFLICTS = 
_PKG_CONFIG_LIBS = -lpinocchio_default -lpinocchio_parsers -lboost_filesystem
_PKG_CONFIG_LIBS_DEBUG = -L${libdir}
_PKG_CONFIG_LIBS_OPTIMIZED = -L${libdir}
_PKG_CONFIG_LIBS_PRIVATE = 
_PKG_CONFIG_CFLAGS = -I${includedir} -DPINOCCHIO_WITH_URDFDOM -DPINOCCHIO_ENABLE_TEMPLATE_INSTANTIATION
_PKG_CONFIG_CFLAGS_DEBUG = 
_PKG_CONFIG_CFLAGS_OPTIMIZED = 
_PKG_CONFIG_FILENAME = pinocchio.pc
PKG_CONFIG_EXTRA = 
## ---------------- ##
## Watched targets. ##
## ---------------- ##

