[  1%] Building CXX object src/CMakeFiles/coal.dir/collision.cpp.o
[  2%] Building CXX object src/CMakeFiles/coal.dir/contact_patch.cpp.o
[  4%] Building CXX object src/CMakeFiles/coal.dir/contact_patch/contact_patch_solver.cpp.o
[  5%] Building CXX object src/CMakeFiles/coal.dir/contact_patch_func_matrix.cpp.o
[  6%] Building CXX object src/CMakeFiles/coal.dir/distance_func_matrix.cpp.o
[ 10%] Building CXX object src/CMakeFiles/coal.dir/BV/AABB.cpp.o
[ 10%] Building CXX object src/CMakeFiles/coal.dir/collision_data.cpp.o
[ 10%] Building CXX object src/CMakeFiles/coal.dir/collision_object.cpp.o
[ 12%] Building CXX object src/CMakeFiles/coal.dir/collision_node.cpp.o
[ 13%] Building CXX object src/CMakeFiles/coal.dir/BV/kIOS.cpp.o
[ 14%] Building CXX object src/CMakeFiles/coal.dir/BV/RSS.cpp.o
[ 16%] Building CXX object src/CMakeFiles/coal.dir/BV/OBBRSS.cpp.o
[ 17%] Building CXX object src/CMakeFiles/coal.dir/BV/kDOP.cpp.o
[ 18%] Building CXX object src/CMakeFiles/coal.dir/BV/OBB.cpp.o
[ 20%] Building CXX object src/CMakeFiles/coal.dir/broadphase/default_broadphase_callbacks.cpp.o
[ 21%] Building CXX object src/CMakeFiles/coal.dir/broadphase/broadphase_dynamic_AABB_tree.cpp.o
[ 22%] Building CXX object src/CMakeFiles/coal.dir/broadphase/broadphase_dynamic_AABB_tree_array.cpp.o
[ 24%] Building CXX object src/CMakeFiles/coal.dir/broadphase/broadphase_bruteforce.cpp.o
[ 25%] Building CXX object src/CMakeFiles/coal.dir/broadphase/broadphase_collision_manager.cpp.o
[ 26%] Building CXX object src/CMakeFiles/coal.dir/broadphase/broadphase_SSaP.cpp.o
[ 28%] Building CXX object src/CMakeFiles/coal.dir/broadphase/broadphase_interval_tree.cpp.o
[ 29%] Building CXX object src/CMakeFiles/coal.dir/broadphase/broadphase_SaP.cpp.o
[ 30%] Building CXX object src/CMakeFiles/coal.dir/broadphase/detail/interval_tree.cpp.o
[ 32%] Building CXX object src/CMakeFiles/coal.dir/broadphase/detail/interval_tree_node.cpp.o
[ 33%] Building CXX object src/CMakeFiles/coal.dir/broadphase/detail/spatial_hash.cpp.o
[ 34%] Building CXX object src/CMakeFiles/coal.dir/broadphase/detail/simple_interval.cpp.o
[ 36%] Building CXX object src/CMakeFiles/coal.dir/broadphase/detail/morton.cpp.o
[ 37%] Building CXX object src/CMakeFiles/coal.dir/narrowphase/gjk.cpp.o
[ 41%] Building CXX object src/CMakeFiles/coal.dir/narrowphase/support_functions.cpp.o
[ 41%] Building CXX object src/CMakeFiles/coal.dir/narrowphase/minkowski_difference.cpp.o
[ 41%] Building CXX object src/CMakeFiles/coal.dir/shape/convex.cpp.o
[ 42%] Building CXX object src/CMakeFiles/coal.dir/shape/geometric_shapes.cpp.o
[ 44%] Building CXX object src/CMakeFiles/coal.dir/shape/geometric_shapes_utility.cpp.o
[ 45%] Building CXX object src/CMakeFiles/coal.dir/distance/box_halfspace.cpp.o
[ 46%] Building CXX object src/CMakeFiles/coal.dir/distance/box_plane.cpp.o
[ 48%] Building CXX object src/CMakeFiles/coal.dir/distance/box_sphere.cpp.o
[ 49%] Building CXX object src/CMakeFiles/coal.dir/distance/capsule_capsule.cpp.o
[ 50%] Building CXX object src/CMakeFiles/coal.dir/distance/capsule_halfspace.cpp.o
[ 52%] Building CXX object src/CMakeFiles/coal.dir/distance/capsule_plane.cpp.o
[ 53%] Building CXX object src/CMakeFiles/coal.dir/distance/cone_halfspace.cpp.o
[ 54%] Building CXX object src/CMakeFiles/coal.dir/distance/cone_plane.cpp.o
[ 56%] Building CXX object src/CMakeFiles/coal.dir/distance/cylinder_halfspace.cpp.o
[ 57%] Building CXX object src/CMakeFiles/coal.dir/distance/cylinder_plane.cpp.o
[ 58%] Building CXX object src/CMakeFiles/coal.dir/distance/sphere_sphere.cpp.o
[ 60%] Building CXX object src/CMakeFiles/coal.dir/distance/sphere_cylinder.cpp.o
[ 61%] Building CXX object src/CMakeFiles/coal.dir/distance/sphere_halfspace.cpp.o
[ 62%] Building CXX object src/CMakeFiles/coal.dir/distance/sphere_plane.cpp.o
[ 64%] Building CXX object src/CMakeFiles/coal.dir/distance/sphere_capsule.cpp.o
[ 65%] Building CXX object src/CMakeFiles/coal.dir/distance/ellipsoid_halfspace.cpp.o
[ 66%] Building CXX object src/CMakeFiles/coal.dir/distance/ellipsoid_plane.cpp.o
[ 68%] Building CXX object src/CMakeFiles/coal.dir/distance/convex_halfspace.cpp.o
[ 69%] Building CXX object src/CMakeFiles/coal.dir/distance/convex_plane.cpp.o
[ 70%] Building CXX object src/CMakeFiles/coal.dir/distance/triangle_halfspace.cpp.o
[ 72%] Building CXX object src/CMakeFiles/coal.dir/distance/triangle_plane.cpp.o
[ 73%] Building CXX object src/CMakeFiles/coal.dir/distance/triangle_triangle.cpp.o
[ 74%] Building CXX object src/CMakeFiles/coal.dir/distance/triangle_sphere.cpp.o
[ 76%] Building CXX object src/CMakeFiles/coal.dir/distance/halfspace_plane.cpp.o
[ 77%] Building CXX object src/CMakeFiles/coal.dir/distance/plane_plane.cpp.o
[ 78%] Building CXX object src/CMakeFiles/coal.dir/distance/halfspace_halfspace.cpp.o
[ 80%] Building CXX object src/CMakeFiles/coal.dir/intersect.cpp.o
[ 81%] Building CXX object src/CMakeFiles/coal.dir/math/transform.cpp.o
[ 82%] Building CXX object src/CMakeFiles/coal.dir/traversal/traversal_recurse.cpp.o
[ 84%] Building CXX object src/CMakeFiles/coal.dir/distance.cpp.o
[ 85%] Building CXX object src/CMakeFiles/coal.dir/BVH/BVH_utility.cpp.o
[ 86%] Building CXX object src/CMakeFiles/coal.dir/BVH/BV_fitter.cpp.o
[ 88%] Building CXX object src/CMakeFiles/coal.dir/BVH/BVH_model.cpp.o
[ 89%] Building CXX object src/CMakeFiles/coal.dir/BVH/BV_splitter.cpp.o
[ 90%] Building CXX object src/CMakeFiles/coal.dir/collision_func_matrix.cpp.o
[ 92%] Building CXX object src/CMakeFiles/coal.dir/collision_utility.cpp.o
[ 93%] Building CXX object src/CMakeFiles/coal.dir/mesh_loader/assimp.cpp.o
[ 94%] Building CXX object src/CMakeFiles/coal.dir/mesh_loader/loader.cpp.o
[ 96%] Building CXX object src/CMakeFiles/coal.dir/hfield.cpp.o
[ 97%] Building CXX object src/CMakeFiles/coal.dir/serialization/serialization.cpp.o
[ 98%] Building CXX object src/CMakeFiles/coal.dir/octree.cpp.o
[100%] Linking CXX shared library ../lib/libcoal.so
/usr/bin/c++ -fPIC -pedantic -Wno-long-long -Wall -Wextra -Wcast-align -Wcast-qual -Wformat -Wwrite-strings -Wconversion  -O3 -DNDEBUG -shared -Wl,-soname,libcoal.so.3.0.4 -o ../lib/libcoal.so.3.0.4 CMakeFiles/coal.dir/collision.cpp.o CMakeFiles/coal.dir/contact_patch.cpp.o CMakeFiles/coal.dir/contact_patch/contact_patch_solver.cpp.o CMakeFiles/coal.dir/contact_patch_func_matrix.cpp.o CMakeFiles/coal.dir/distance_func_matrix.cpp.o CMakeFiles/coal.dir/collision_data.cpp.o CMakeFiles/coal.dir/collision_node.cpp.o CMakeFiles/coal.dir/collision_object.cpp.o CMakeFiles/coal.dir/BV/RSS.cpp.o CMakeFiles/coal.dir/BV/AABB.cpp.o CMakeFiles/coal.dir/BV/kIOS.cpp.o CMakeFiles/coal.dir/BV/kDOP.cpp.o CMakeFiles/coal.dir/BV/OBBRSS.cpp.o CMakeFiles/coal.dir/BV/OBB.cpp.o CMakeFiles/coal.dir/broadphase/default_broadphase_callbacks.cpp.o CMakeFiles/coal.dir/broadphase/broadphase_dynamic_AABB_tree.cpp.o CMakeFiles/coal.dir/broadphase/broadphase_dynamic_AABB_tree_array.cpp.o CMakeFiles/coal.dir/broadphase/broadphase_bruteforce.cpp.o CMakeFiles/coal.dir/broadphase/broadphase_collision_manager.cpp.o CMakeFiles/coal.dir/broadphase/broadphase_SaP.cpp.o CMakeFiles/coal.dir/broadphase/broadphase_SSaP.cpp.o CMakeFiles/coal.dir/broadphase/broadphase_interval_tree.cpp.o CMakeFiles/coal.dir/broadphase/detail/interval_tree.cpp.o CMakeFiles/coal.dir/broadphase/detail/interval_tree_node.cpp.o CMakeFiles/coal.dir/broadphase/detail/simple_interval.cpp.o CMakeFiles/coal.dir/broadphase/detail/spatial_hash.cpp.o CMakeFiles/coal.dir/broadphase/detail/morton.cpp.o CMakeFiles/coal.dir/narrowphase/gjk.cpp.o CMakeFiles/coal.dir/narrowphase/minkowski_difference.cpp.o CMakeFiles/coal.dir/narrowphase/support_functions.cpp.o CMakeFiles/coal.dir/shape/convex.cpp.o CMakeFiles/coal.dir/shape/geometric_shapes.cpp.o CMakeFiles/coal.dir/shape/geometric_shapes_utility.cpp.o CMakeFiles/coal.dir/distance/box_halfspace.cpp.o CMakeFiles/coal.dir/distance/box_plane.cpp.o CMakeFiles/coal.dir/distance/box_sphere.cpp.o CMakeFiles/coal.dir/distance/capsule_capsule.cpp.o CMakeFiles/coal.dir/distance/capsule_halfspace.cpp.o CMakeFiles/coal.dir/distance/capsule_plane.cpp.o CMakeFiles/coal.dir/distance/cone_halfspace.cpp.o CMakeFiles/coal.dir/distance/cone_plane.cpp.o CMakeFiles/coal.dir/distance/cylinder_halfspace.cpp.o CMakeFiles/coal.dir/distance/cylinder_plane.cpp.o CMakeFiles/coal.dir/distance/sphere_sphere.cpp.o CMakeFiles/coal.dir/distance/sphere_cylinder.cpp.o CMakeFiles/coal.dir/distance/sphere_halfspace.cpp.o CMakeFiles/coal.dir/distance/sphere_plane.cpp.o CMakeFiles/coal.dir/distance/sphere_capsule.cpp.o CMakeFiles/coal.dir/distance/ellipsoid_halfspace.cpp.o CMakeFiles/coal.dir/distance/ellipsoid_plane.cpp.o CMakeFiles/coal.dir/distance/convex_halfspace.cpp.o CMakeFiles/coal.dir/distance/convex_plane.cpp.o CMakeFiles/coal.dir/distance/triangle_halfspace.cpp.o CMakeFiles/coal.dir/distance/triangle_plane.cpp.o CMakeFiles/coal.dir/distance/triangle_triangle.cpp.o CMakeFiles/coal.dir/distance/triangle_sphere.cpp.o CMakeFiles/coal.dir/distance/halfspace_plane.cpp.o CMakeFiles/coal.dir/distance/plane_plane.cpp.o CMakeFiles/coal.dir/distance/halfspace_halfspace.cpp.o CMakeFiles/coal.dir/intersect.cpp.o CMakeFiles/coal.dir/math/transform.cpp.o CMakeFiles/coal.dir/traversal/traversal_recurse.cpp.o CMakeFiles/coal.dir/distance.cpp.o CMakeFiles/coal.dir/BVH/BVH_utility.cpp.o CMakeFiles/coal.dir/BVH/BV_fitter.cpp.o CMakeFiles/coal.dir/BVH/BVH_model.cpp.o CMakeFiles/coal.dir/BVH/BV_splitter.cpp.o CMakeFiles/coal.dir/collision_func_matrix.cpp.o CMakeFiles/coal.dir/collision_utility.cpp.o CMakeFiles/coal.dir/mesh_loader/assimp.cpp.o CMakeFiles/coal.dir/mesh_loader/loader.cpp.o CMakeFiles/coal.dir/hfield.cpp.o CMakeFiles/coal.dir/serialization/serialization.cpp.o CMakeFiles/coal.dir/octree.cpp.o  -Wl,-rpath,:::::::::::::: /usr/lib/x86_64-linux-gnu/libassimp.so.5.2.0 /usr/lib/x86_64-linux-gnu/libboost_serialization.so /usr/lib/x86_64-linux-gnu/libboost_filesystem.so /usr/lib/x86_64-linux-gnu/liboctomap.so.1.9.7 /usr/lib/x86_64-linux-gnu/libz.so /usr/lib/x86_64-linux-gnu/libdraco.so.4.0.0 -lminizip /usr/lib/x86_64-linux-gnu/librt.a /usr/lib/x86_64-linux-gnu/liboctomath.so.1.9.7 
[100%] Built target coal
-- Install configuration: "Release"
-- Installing: /home/rocos/sia/AVIATOR/build/aviator_clearance/third_party/install/include/coal/config.hh
-- Installing: /home/rocos/sia/AVIATOR/build/aviator_clearance/third_party/install/include/coal/deprecated.hh
-- Installing: /home/rocos/sia/AVIATOR/build/aviator_clearance/third_party/install/include/coal/warning.hh
-- Installing: /home/rocos/sia/AVIATOR/build/aviator_clearance/third_party/install/include/hpp/fcl/broadphase/broadphase_bruteforce.h
-- Installing: /home/rocos/sia/AVIATOR/build/aviator_clearance/third_party/install/include/hpp/fcl/broadphase/broadphase_callbacks.h
-- Installing: /home/rocos/sia/AVIATOR/build/aviator_clearance/third_party/install/include/hpp/fcl/broadphase/broadphase_collision_manager.h
-- Installing: /home/rocos/sia/AVIATOR/build/aviator_clearance/third_party/install/include/hpp/fcl/broadphase/broadphase_continuous_collision_manager.h
-- Installing: /home/rocos/sia/AVIATOR/build/aviator_clearance/third_party/install/include/hpp/fcl/broadphase/broadphase_continuous_collision_manager-inl.h
-- Installing: /home/rocos/sia/AVIATOR/build/aviator_clearance/third_party/install/include/hpp/fcl/broadphase/broadphase_dynamic_AABB_tree_array.h
-- Installing: /home/rocos/sia/AVIATOR/build/aviator_clearance/third_party/install/include/hpp/fcl/broadphase/broadphase_dynamic_AABB_tree_array-inl.h
-- Installing: /home/rocos/sia/AVIATOR/build/aviator_clearance/third_party/install/include/hpp/fcl/broadphase/broadphase_dynamic_AABB_tree.h
-- Installing: /home/rocos/sia/AVIATOR/build/aviator_clearance/third_party/install/include/hpp/fcl/broadphase/broadphase_dynamic_AABB_tree-inl.h
-- Installing: /home/rocos/sia/AVIATOR/build/aviator_clearance/third_party/install/include/hpp/fcl/broadphase/broadphase.h
-- Installing: /home/rocos/sia/AVIATOR/build/aviator_clearance/third_party/install/include/hpp/fcl/broadphase/broadphase_interval_tree.h
-- Installing: /home/rocos/sia/AVIATOR/build/aviator_clearance/third_party/install/include/hpp/fcl/broadphase/broadphase_SaP.h
-- Installing: /home/rocos/sia/AVIATOR/build/aviator_clearance/third_party/install/include/hpp/fcl/broadphase/broadphase_spatialhash.h
-- Installing: /home/rocos/sia/AVIATOR/build/aviator_clearance/third_party/install/include/hpp/fcl/broadphase/broadphase_spatialhash-inl.h
-- Installing: /home/rocos/sia/AVIATOR/build/aviator_clearance/third_party/install/include/hpp/fcl/broadphase/broadphase_SSaP.h
-- Installing: /home/rocos/sia/AVIATOR/build/aviator_clearance/third_party/install/include/hpp/fcl/broadphase/default_broadphase_callbacks.h
-- Installing: /home/rocos/sia/AVIATOR/build/aviator_clearance/third_party/install/include/hpp/fcl/broadphase/detail/hierarchy_tree_array.h
-- Installing: /home/rocos/sia/AVIATOR/build/aviator_clearance/third_party/install/include/hpp/fcl/broadphase/detail/hierarchy_tree_array-inl.h
-- Installing: /home/rocos/sia/AVIATOR/build/aviator_clearance/third_party/install/include/hpp/fcl/broadphase/detail/hierarchy_tree.h
-- Installing: /home/rocos/sia/AVIATOR/build/aviator_clearance/third_party/install/include/hpp/fcl/broadphase/detail/hierarchy_tree-inl.h
-- Installing: /home/rocos/sia/AVIATOR/build/aviator_clearance/third_party/install/include/hpp/fcl/broadphase/detail/interval_tree.h
-- Installing: /home/rocos/sia/AVIATOR/build/aviator_clearance/third_party/install/include/hpp/fcl/broadphase/detail/interval_tree_node.h
-- Installing: /home/rocos/sia/AVIATOR/build/aviator_clearance/third_party/install/include/hpp/fcl/broadphase/detail/morton.h
-- Installing: /home/rocos/sia/AVIATOR/build/aviator_clearance/third_party/install/include/hpp/fcl/broadphase/detail/morton-inl.h
-- Installing: /home/rocos/sia/AVIATOR/build/aviator_clearance/third_party/install/include/hpp/fcl/broadphase/detail/node_base_array.h
-- Installing: /home/rocos/sia/AVIATOR/build/aviator_clearance/third_party/install/include/hpp/fcl/broadphase/detail/node_base_array-inl.h
-- Installing: /home/rocos/sia/AVIATOR/build/aviator_clearance/third_party/install/include/hpp/fcl/broadphase/detail/node_base.h
-- Installing: /home/rocos/sia/AVIATOR/build/aviator_clearance/third_party/install/include/hpp/fcl/broadphase/detail/node_base-inl.h
-- Installing: /home/rocos/sia/AVIATOR/build/aviator_clearance/third_party/install/include/hpp/fcl/broadphase/detail/simple_hash_table.h
-- Installing: /home/rocos/sia/AVIATOR/build/aviator_clearance/third_party/install/include/hpp/fcl/broadphase/detail/simple_hash_table-inl.h
-- Installing: /home/rocos/sia/AVIATOR/build/aviator_clearance/third_party/install/include/hpp/fcl/broadphase/detail/simple_interval.h
-- Installing: /home/rocos/sia/AVIATOR/build/aviator_clearance/third_party/install/include/hpp/fcl/broadphase/detail/simple_interval-inl.h
-- Installing: /home/rocos/sia/AVIATOR/build/aviator_clearance/third_party/install/include/hpp/fcl/broadphase/detail/sparse_hash_table.h
-- Installing: /home/rocos/sia/AVIATOR/build/aviator_clearance/third_party/install/include/hpp/fcl/broadphase/detail/sparse_hash_table-inl.h
-- Installing: /home/rocos/sia/AVIATOR/build/aviator_clearance/third_party/install/include/hpp/fcl/broadphase/detail/spatial_hash.h
-- Installing: /home/rocos/sia/AVIATOR/build/aviator_clearance/third_party/install/include/hpp/fcl/broadphase/detail/spatial_hash-inl.h
-- Installing: /home/rocos/sia/AVIATOR/build/aviator_clearance/third_party/install/include/hpp/fcl/BV/AABB.h
-- Installing: /home/rocos/sia/AVIATOR/build/aviator_clearance/third_party/install/include/hpp/fcl/BV/BV.h
-- Installing: /home/rocos/sia/AVIATOR/build/aviator_clearance/third_party/install/include/hpp/fcl/BV/BV_node.h
-- Installing: /home/rocos/sia/AVIATOR/build/aviator_clearance/third_party/install/include/hpp/fcl/BVH/BVH_front.h
-- Installing: /home/rocos/sia/AVIATOR/build/aviator_clearance/third_party/install/include/hpp/fcl/BVH/BVH_internal.h
-- Installing: /home/rocos/sia/AVIATOR/build/aviator_clearance/third_party/install/include/hpp/fcl/BVH/BVH_model.h
-- Installing: /home/rocos/sia/AVIATOR/build/aviator_clearance/third_party/install/include/hpp/fcl/BVH/BVH_utility.h
-- Installing: /home/rocos/sia/AVIATOR/build/aviator_clearance/third_party/install/include/hpp/fcl/BV/kDOP.h
-- Installing: /home/rocos/sia/AVIATOR/build/aviator_clearance/third_party/install/include/hpp/fcl/BV/kIOS.h
-- Installing: /home/rocos/sia/AVIATOR/build/aviator_clearance/third_party/install/include/hpp/fcl/BV/OBB.h
-- Installing: /home/rocos/sia/AVIATOR/build/aviator_clearance/third_party/install/include/hpp/fcl/BV/OBBRSS.h
-- Installing: /home/rocos/sia/AVIATOR/build/aviator_clearance/third_party/install/include/hpp/fcl/BV/RSS.h
-- Installing: /home/rocos/sia/AVIATOR/build/aviator_clearance/third_party/install/include/hpp/fcl/coal.hpp
-- Installing: /home/rocos/sia/AVIATOR/build/aviator_clearance/third_party/install/include/hpp/fcl/collision_data.h
-- Installing: /home/rocos/sia/AVIATOR/build/aviator_clearance/third_party/install/include/hpp/fcl/collision_func_matrix.h
-- Installing: /home/rocos/sia/AVIATOR/build/aviator_clearance/third_party/install/include/hpp/fcl/collision.h
-- Installing: /home/rocos/sia/AVIATOR/build/aviator_clearance/third_party/install/include/hpp/fcl/collision_object.h
-- Installing: /home/rocos/sia/AVIATOR/build/aviator_clearance/third_party/install/include/hpp/fcl/collision_utility.h
-- Installing: /home/rocos/sia/AVIATOR/build/aviator_clearance/third_party/install/include/hpp/fcl/config.hh
-- Installing: /home/rocos/sia/AVIATOR/build/aviator_clearance/third_party/install/include/hpp/fcl/contact_patch/contact_patch_solver.h
-- Installing: /home/rocos/sia/AVIATOR/build/aviator_clearance/third_party/install/include/hpp/fcl/contact_patch/contact_patch_solver.hxx
-- Installing: /home/rocos/sia/AVIATOR/build/aviator_clearance/third_party/install/include/hpp/fcl/contact_patch_func_matrix.h
-- Installing: /home/rocos/sia/AVIATOR/build/aviator_clearance/third_party/install/include/hpp/fcl/contact_patch.h
-- Installing: /home/rocos/sia/AVIATOR/build/aviator_clearance/third_party/install/include/hpp/fcl/data_types.h
-- Installing: /home/rocos/sia/AVIATOR/build/aviator_clearance/third_party/install/include/hpp/fcl/deprecated.hh
-- Installing: /home/rocos/sia/AVIATOR/build/aviator_clearance/third_party/install/include/hpp/fcl/distance_func_matrix.h
-- Installing: /home/rocos/sia/AVIATOR/build/aviator_clearance/third_party/install/include/hpp/fcl/distance.h
-- Installing: /home/rocos/sia/AVIATOR/build/aviator_clearance/third_party/install/include/hpp/fcl/fwd.hh
-- Installing: /home/rocos/sia/AVIATOR/build/aviator_clearance/third_party/install/include/hpp/fcl/hfield.h
-- Installing: /home/rocos/sia/AVIATOR/build/aviator_clearance/third_party/install/include/hpp/fcl/internal/BV_fitter.h
-- Installing: /home/rocos/sia/AVIATOR/build/aviator_clearance/third_party/install/include/hpp/fcl/internal/BV_splitter.h
-- Installing: /home/rocos/sia/AVIATOR/build/aviator_clearance/third_party/install/include/hpp/fcl/internal/intersect.h
-- Installing: /home/rocos/sia/AVIATOR/build/aviator_clearance/third_party/install/include/hpp/fcl/internal/shape_shape_contact_patch_func.h
-- Installing: /home/rocos/sia/AVIATOR/build/aviator_clearance/third_party/install/include/hpp/fcl/internal/shape_shape_func.h
-- Installing: /home/rocos/sia/AVIATOR/build/aviator_clearance/third_party/install/include/hpp/fcl/internal/tools.h
-- Installing: /home/rocos/sia/AVIATOR/build/aviator_clearance/third_party/install/include/hpp/fcl/internal/traversal.h
-- Installing: /home/rocos/sia/AVIATOR/build/aviator_clearance/third_party/install/include/hpp/fcl/internal/traversal_node_base.h
-- Installing: /home/rocos/sia/AVIATOR/build/aviator_clearance/third_party/install/include/hpp/fcl/internal/traversal_node_bvhs.h
-- Installing: /home/rocos/sia/AVIATOR/build/aviator_clearance/third_party/install/include/hpp/fcl/internal/traversal_node_bvh_shape.h
-- Installing: /home/rocos/sia/AVIATOR/build/aviator_clearance/third_party/install/include/hpp/fcl/internal/traversal_node_hfield_shape.h
-- Installing: /home/rocos/sia/AVIATOR/build/aviator_clearance/third_party/install/include/hpp/fcl/internal/traversal_node_setup.h
-- Installing: /home/rocos/sia/AVIATOR/build/aviator_clearance/third_party/install/include/hpp/fcl/internal/traversal_node_shapes.h
-- Installing: /home/rocos/sia/AVIATOR/build/aviator_clearance/third_party/install/include/hpp/fcl/internal/traversal_recurse.h
-- Installing: /home/rocos/sia/AVIATOR/build/aviator_clearance/third_party/install/include/hpp/fcl/internal/traversal_node_octree.h
-- Installing: /home/rocos/sia/AVIATOR/build/aviator_clearance/third_party/install/include/hpp/fcl/logging.h
-- Installing: /home/rocos/sia/AVIATOR/build/aviator_clearance/third_party/install/include/hpp/fcl/math/matrix_3f.h
-- Installing: /home/rocos/sia/AVIATOR/build/aviator_clearance/third_party/install/include/hpp/fcl/math/transform.h
-- Installing: /home/rocos/sia/AVIATOR/build/aviator_clearance/third_party/install/include/hpp/fcl/math/types.h
-- Installing: /home/rocos/sia/AVIATOR/build/aviator_clearance/third_party/install/include/hpp/fcl/math/vec_3f.h
-- Installing: /home/rocos/sia/AVIATOR/build/aviator_clearance/third_party/install/include/hpp/fcl/mesh_loader/assimp.h
-- Installing: /home/rocos/sia/AVIATOR/build/aviator_clearance/third_party/install/include/hpp/fcl/mesh_loader/loader.h
-- Installing: /home/rocos/sia/AVIATOR/build/aviator_clearance/third_party/install/include/hpp/fcl/narrowphase/gjk.h
-- Installing: /home/rocos/sia/AVIATOR/build/aviator_clearance/third_party/install/include/hpp/fcl/narrowphase/minkowski_difference.h
-- Installing: /home/rocos/sia/AVIATOR/build/aviator_clearance/third_party/install/include/hpp/fcl/narrowphase/narrowphase_defaults.h
-- Installing: /home/rocos/sia/AVIATOR/build/aviator_clearance/third_party/install/include/hpp/fcl/narrowphase/narrowphase.h
-- Installing: /home/rocos/sia/AVIATOR/build/aviator_clearance/third_party/install/include/hpp/fcl/narrowphase/support_functions.h
-- Installing: /home/rocos/sia/AVIATOR/build/aviator_clearance/third_party/install/include/hpp/fcl/octree.h
-- Installing: /home/rocos/sia/AVIATOR/build/aviator_clearance/third_party/install/include/hpp/fcl/serialization/AABB.h
-- Installing: /home/rocos/sia/AVIATOR/build/aviator_clearance/third_party/install/include/hpp/fcl/serialization/archive.h
-- Installing: /home/rocos/sia/AVIATOR/build/aviator_clearance/third_party/install/include/hpp/fcl/serialization/BVH_model.h
-- Installing: /home/rocos/sia/AVIATOR/build/aviator_clearance/third_party/install/include/hpp/fcl/serialization/BV_node.h
-- Installing: /home/rocos/sia/AVIATOR/build/aviator_clearance/third_party/install/include/hpp/fcl/serialization/BV_splitter.h
-- Installing: /home/rocos/sia/AVIATOR/build/aviator_clearance/third_party/install/include/hpp/fcl/serialization/collision_data.h
-- Installing: /home/rocos/sia/AVIATOR/build/aviator_clearance/third_party/install/include/hpp/fcl/serialization/collision_object.h
-- Installing: /home/rocos/sia/AVIATOR/build/aviator_clearance/third_party/install/include/hpp/fcl/serialization/contact_patch.h
-- Installing: /home/rocos/sia/AVIATOR/build/aviator_clearance/third_party/install/include/hpp/fcl/serialization/convex.h
-- Installing: /home/rocos/sia/AVIATOR/build/aviator_clearance/third_party/install/include/hpp/fcl/serialization/eigen.h
-- Installing: /home/rocos/sia/AVIATOR/build/aviator_clearance/third_party/install/include/hpp/fcl/serialization/fwd.h
-- Installing: /home/rocos/sia/AVIATOR/build/aviator_clearance/third_party/install/include/hpp/fcl/serialization/geometric_shapes.h
-- Installing: /home/rocos/sia/AVIATOR/build/aviator_clearance/third_party/install/include/hpp/fcl/serialization/hfield.h
-- Installing: /home/rocos/sia/AVIATOR/build/aviator_clearance/third_party/install/include/hpp/fcl/serialization/kDOP.h
-- Installing: /home/rocos/sia/AVIATOR/build/aviator_clearance/third_party/install/include/hpp/fcl/serialization/kIOS.h
-- Installing: /home/rocos/sia/AVIATOR/build/aviator_clearance/third_party/install/include/hpp/fcl/serialization/memory.h
-- Installing: /home/rocos/sia/AVIATOR/build/aviator_clearance/third_party/install/include/hpp/fcl/serialization/OBB.h
-- Installing: /home/rocos/sia/AVIATOR/build/aviator_clearance/third_party/install/include/hpp/fcl/serialization/OBBRSS.h
-- Installing: /home/rocos/sia/AVIATOR/build/aviator_clearance/third_party/install/include/hpp/fcl/serialization/octree.h
-- Installing: /home/rocos/sia/AVIATOR/build/aviator_clearance/third_party/install/include/hpp/fcl/serialization/quadrilateral.h
-- Installing: /home/rocos/sia/AVIATOR/build/aviator_clearance/third_party/install/include/hpp/fcl/serialization/RSS.h
-- Installing: /home/rocos/sia/AVIATOR/build/aviator_clearance/third_party/install/include/hpp/fcl/serialization/serializer.h
-- Installing: /home/rocos/sia/AVIATOR/build/aviator_clearance/third_party/install/include/hpp/fcl/serialization/transform.h
-- Installing: /home/rocos/sia/AVIATOR/build/aviator_clearance/third_party/install/include/hpp/fcl/serialization/triangle.h
-- Installing: /home/rocos/sia/AVIATOR/build/aviator_clearance/third_party/install/include/hpp/fcl/shape/convex.h
-- Installing: /home/rocos/sia/AVIATOR/build/aviator_clearance/third_party/install/include/hpp/fcl/shape/details/convex.hxx
-- Installing: /home/rocos/sia/AVIATOR/build/aviator_clearance/third_party/install/include/hpp/fcl/shape/geometric_shapes.h
-- Installing: /home/rocos/sia/AVIATOR/build/aviator_clearance/third_party/install/include/hpp/fcl/shape/geometric_shapes_traits.h
-- Installing: /home/rocos/sia/AVIATOR/build/aviator_clearance/third_party/install/include/hpp/fcl/shape/geometric_shapes_utility.h
-- Installing: /home/rocos/sia/AVIATOR/build/aviator_clearance/third_party/install/include/hpp/fcl/shape/geometric_shape_to_BVH_model.h
-- Installing: /home/rocos/sia/AVIATOR/build/aviator_clearance/third_party/install/include/hpp/fcl/timings.h
-- Installing: /home/rocos/sia/AVIATOR/build/aviator_clearance/third_party/install/include/hpp/fcl/warning.hh
-- Installing: /home/rocos/sia/AVIATOR/build/aviator_clearance/third_party/install/lib/libcoal.so.3.0.4
-- Set runtime path of "/home/rocos/sia/AVIATOR/build/aviator_clearance/third_party/install/lib/libcoal.so.3.0.4" to "$ORIGIN/../lib"
-- Installing: /home/rocos/sia/AVIATOR/build/aviator_clearance/third_party/install/lib/libcoal.so
-- Installing: /home/rocos/sia/AVIATOR/build/aviator_clearance/third_party/install/lib/cmake/hpp-fcl/hpp-fclConfig.cmake
-- Installing: /home/rocos/sia/AVIATOR/build/aviator_clearance/third_party/install/lib/cmake/hpp-fcl/hpp-fclConfigVersion.cmake
-- Installing: /home/rocos/sia/AVIATOR/build/aviator_clearance/third_party/install/lib/pkgconfig/coal.pc
-- Installing: /home/rocos/sia/AVIATOR/build/aviator_clearance/third_party/install/include/coal/collision_data.h
-- Installing: /home/rocos/sia/AVIATOR/build/aviator_clearance/third_party/install/include/coal/BV/kIOS.h
-- Installing: /home/rocos/sia/AVIATOR/build/aviator_clearance/third_party/install/include/coal/BV/BV.h
-- Installing: /home/rocos/sia/AVIATOR/build/aviator_clearance/third_party/install/include/coal/BV/RSS.h
-- Installing: /home/rocos/sia/AVIATOR/build/aviator_clearance/third_party/install/include/coal/BV/OBBRSS.h
-- Installing: /home/rocos/sia/AVIATOR/build/aviator_clearance/third_party/install/include/coal/BV/BV_node.h
-- Installing: /home/rocos/sia/AVIATOR/build/aviator_clearance/third_party/install/include/coal/BV/AABB.h
-- Installing: /home/rocos/sia/AVIATOR/build/aviator_clearance/third_party/install/include/coal/BV/OBB.h
-- Installing: /home/rocos/sia/AVIATOR/build/aviator_clearance/third_party/install/include/coal/BV/kDOP.h
-- Installing: /home/rocos/sia/AVIATOR/build/aviator_clearance/third_party/install/include/coal/broadphase/broadphase.h
-- Installing: /home/rocos/sia/AVIATOR/build/aviator_clearance/third_party/install/include/coal/broadphase/broadphase_SSaP.h
-- Installing: /home/rocos/sia/AVIATOR/build/aviator_clearance/third_party/install/include/coal/broadphase/broadphase_SaP.h
-- Installing: /home/rocos/sia/AVIATOR/build/aviator_clearance/third_party/install/include/coal/broadphase/broadphase_bruteforce.h
-- Installing: /home/rocos/sia/AVIATOR/build/aviator_clearance/third_party/install/include/coal/broadphase/broadphase_collision_manager.h
-- Installing: /home/rocos/sia/AVIATOR/build/aviator_clearance/third_party/install/include/coal/broadphase/broadphase_continuous_collision_manager-inl.h
-- Installing: /home/rocos/sia/AVIATOR/build/aviator_clearance/third_party/install/include/coal/broadphase/broadphase_continuous_collision_manager.h
-- Installing: /home/rocos/sia/AVIATOR/build/aviator_clearance/third_party/install/include/coal/broadphase/broadphase_dynamic_AABB_tree-inl.h
-- Installing: /home/rocos/sia/AVIATOR/build/aviator_clearance/third_party/install/include/coal/broadphase/broadphase_dynamic_AABB_tree.h
-- Installing: /home/rocos/sia/AVIATOR/build/aviator_clearance/third_party/install/include/coal/broadphase/broadphase_dynamic_AABB_tree_array-inl.h
-- Installing: /home/rocos/sia/AVIATOR/build/aviator_clearance/third_party/install/include/coal/broadphase/broadphase_dynamic_AABB_tree_array.h
-- Installing: /home/rocos/sia/AVIATOR/build/aviator_clearance/third_party/install/include/coal/broadphase/broadphase_interval_tree.h
-- Installing: /home/rocos/sia/AVIATOR/build/aviator_clearance/third_party/install/include/coal/broadphase/broadphase_spatialhash-inl.h
-- Installing: /home/rocos/sia/AVIATOR/build/aviator_clearance/third_party/install/include/coal/broadphase/broadphase_spatialhash.h
-- Installing: /home/rocos/sia/AVIATOR/build/aviator_clearance/third_party/install/include/coal/broadphase/broadphase_callbacks.h
-- Installing: /home/rocos/sia/AVIATOR/build/aviator_clearance/third_party/install/include/coal/broadphase/default_broadphase_callbacks.h
-- Installing: /home/rocos/sia/AVIATOR/build/aviator_clearance/third_party/install/include/coal/broadphase/detail/hierarchy_tree-inl.h
-- Installing: /home/rocos/sia/AVIATOR/build/aviator_clearance/third_party/install/include/coal/broadphase/detail/hierarchy_tree.h
-- Installing: /home/rocos/sia/AVIATOR/build/aviator_clearance/third_party/install/include/coal/broadphase/detail/hierarchy_tree_array-inl.h
-- Installing: /home/rocos/sia/AVIATOR/build/aviator_clearance/third_party/install/include/coal/broadphase/detail/hierarchy_tree_array.h
-- Installing: /home/rocos/sia/AVIATOR/build/aviator_clearance/third_party/install/include/coal/broadphase/detail/interval_tree.h
-- Installing: /home/rocos/sia/AVIATOR/build/aviator_clearance/third_party/install/include/coal/broadphase/detail/interval_tree_node.h
-- Installing: /home/rocos/sia/AVIATOR/build/aviator_clearance/third_party/install/include/coal/broadphase/detail/morton-inl.h
-- Installing: /home/rocos/sia/AVIATOR/build/aviator_clearance/third_party/install/include/coal/broadphase/detail/morton.h
-- Installing: /home/rocos/sia/AVIATOR/build/aviator_clearance/third_party/install/include/coal/broadphase/detail/node_base-inl.h
-- Installing: /home/rocos/sia/AVIATOR/build/aviator_clearance/third_party/install/include/coal/broadphase/detail/node_base.h
-- Installing: /home/rocos/sia/AVIATOR/build/aviator_clearance/third_party/install/include/coal/broadphase/detail/node_base_array-inl.h
-- Installing: /home/rocos/sia/AVIATOR/build/aviator_clearance/third_party/install/include/coal/broadphase/detail/node_base_array.h
-- Installing: /home/rocos/sia/AVIATOR/build/aviator_clearance/third_party/install/include/coal/broadphase/detail/simple_hash_table-inl.h
-- Installing: /home/rocos/sia/AVIATOR/build/aviator_clearance/third_party/install/include/coal/broadphase/detail/simple_hash_table.h
-- Installing: /home/rocos/sia/AVIATOR/build/aviator_clearance/third_party/install/include/coal/broadphase/detail/simple_interval-inl.h
-- Installing: /home/rocos/sia/AVIATOR/build/aviator_clearance/third_party/install/include/coal/broadphase/detail/simple_interval.h
-- Installing: /home/rocos/sia/AVIATOR/build/aviator_clearance/third_party/install/include/coal/broadphase/detail/sparse_hash_table-inl.h
-- Installing: /home/rocos/sia/AVIATOR/build/aviator_clearance/third_party/install/include/coal/broadphase/detail/sparse_hash_table.h
-- Installing: /home/rocos/sia/AVIATOR/build/aviator_clearance/third_party/install/include/coal/broadphase/detail/spatial_hash-inl.h
-- Installing: /home/rocos/sia/AVIATOR/build/aviator_clearance/third_party/install/include/coal/broadphase/detail/spatial_hash.h
-- Installing: /home/rocos/sia/AVIATOR/build/aviator_clearance/third_party/install/include/coal/narrowphase/narrowphase.h
-- Installing: /home/rocos/sia/AVIATOR/build/aviator_clearance/third_party/install/include/coal/narrowphase/gjk.h
-- Installing: /home/rocos/sia/AVIATOR/build/aviator_clearance/third_party/install/include/coal/narrowphase/narrowphase_defaults.h
-- Installing: /home/rocos/sia/AVIATOR/build/aviator_clearance/third_party/install/include/coal/narrowphase/minkowski_difference.h
-- Installing: /home/rocos/sia/AVIATOR/build/aviator_clearance/third_party/install/include/coal/narrowphase/support_functions.h
-- Installing: /home/rocos/sia/AVIATOR/build/aviator_clearance/third_party/install/include/coal/shape/convex.h
-- Installing: /home/rocos/sia/AVIATOR/build/aviator_clearance/third_party/install/include/coal/shape/details/convex.hxx
-- Installing: /home/rocos/sia/AVIATOR/build/aviator_clearance/third_party/install/include/coal/shape/geometric_shape_to_BVH_model.h
-- Installing: /home/rocos/sia/AVIATOR/build/aviator_clearance/third_party/install/include/coal/shape/geometric_shapes.h
-- Installing: /home/rocos/sia/AVIATOR/build/aviator_clearance/third_party/install/include/coal/shape/geometric_shapes_traits.h
-- Installing: /home/rocos/sia/AVIATOR/build/aviator_clearance/third_party/install/include/coal/shape/geometric_shapes_utility.h
-- Installing: /home/rocos/sia/AVIATOR/build/aviator_clearance/third_party/install/include/coal/distance_func_matrix.h
-- Installing: /home/rocos/sia/AVIATOR/build/aviator_clearance/third_party/install/include/coal/collision.h
-- Installing: /home/rocos/sia/AVIATOR/build/aviator_clearance/third_party/install/include/coal/collision_func_matrix.h
-- Installing: /home/rocos/sia/AVIATOR/build/aviator_clearance/third_party/install/include/coal/contact_patch.h
-- Installing: /home/rocos/sia/AVIATOR/build/aviator_clearance/third_party/install/include/coal/contact_patch_func_matrix.h
-- Installing: /home/rocos/sia/AVIATOR/build/aviator_clearance/third_party/install/include/coal/contact_patch/contact_patch_solver.h
-- Installing: /home/rocos/sia/AVIATOR/build/aviator_clearance/third_party/install/include/coal/contact_patch/contact_patch_solver.hxx
-- Installing: /home/rocos/sia/AVIATOR/build/aviator_clearance/third_party/install/include/coal/distance.h
-- Installing: /home/rocos/sia/AVIATOR/build/aviator_clearance/third_party/install/include/coal/math/matrix_3f.h
-- Installing: /home/rocos/sia/AVIATOR/build/aviator_clearance/third_party/install/include/coal/math/vec_3f.h
-- Installing: /home/rocos/sia/AVIATOR/build/aviator_clearance/third_party/install/include/coal/math/types.h
-- Installing: /home/rocos/sia/AVIATOR/build/aviator_clearance/third_party/install/include/coal/math/transform.h
-- Installing: /home/rocos/sia/AVIATOR/build/aviator_clearance/third_party/install/include/coal/data_types.h
-- Installing: /home/rocos/sia/AVIATOR/build/aviator_clearance/third_party/install/include/coal/BVH/BVH_internal.h
-- Installing: /home/rocos/sia/AVIATOR/build/aviator_clearance/third_party/install/include/coal/BVH/BVH_model.h
-- Installing: /home/rocos/sia/AVIATOR/build/aviator_clearance/third_party/install/include/coal/BVH/BVH_front.h
-- Installing: /home/rocos/sia/AVIATOR/build/aviator_clearance/third_party/install/include/coal/BVH/BVH_utility.h
-- Installing: /home/rocos/sia/AVIATOR/build/aviator_clearance/third_party/install/include/coal/collision_object.h
-- Installing: /home/rocos/sia/AVIATOR/build/aviator_clearance/third_party/install/include/coal/collision_utility.h
-- Installing: /home/rocos/sia/AVIATOR/build/aviator_clearance/third_party/install/include/coal/hfield.h
-- Installing: /home/rocos/sia/AVIATOR/build/aviator_clearance/third_party/install/include/coal/fwd.hh
-- Installing: /home/rocos/sia/AVIATOR/build/aviator_clearance/third_party/install/include/coal/logging.h
-- Installing: /home/rocos/sia/AVIATOR/build/aviator_clearance/third_party/install/include/coal/mesh_loader/assimp.h
-- Installing: /home/rocos/sia/AVIATOR/build/aviator_clearance/third_party/install/include/coal/mesh_loader/loader.h
-- Installing: /home/rocos/sia/AVIATOR/build/aviator_clearance/third_party/install/include/coal/internal/BV_fitter.h
-- Installing: /home/rocos/sia/AVIATOR/build/aviator_clearance/third_party/install/include/coal/internal/BV_splitter.h
-- Installing: /home/rocos/sia/AVIATOR/build/aviator_clearance/third_party/install/include/coal/internal/shape_shape_func.h
-- Installing: /home/rocos/sia/AVIATOR/build/aviator_clearance/third_party/install/include/coal/internal/shape_shape_contact_patch_func.h
-- Installing: /home/rocos/sia/AVIATOR/build/aviator_clearance/third_party/install/include/coal/internal/intersect.h
-- Installing: /home/rocos/sia/AVIATOR/build/aviator_clearance/third_party/install/include/coal/internal/tools.h
-- Installing: /home/rocos/sia/AVIATOR/build/aviator_clearance/third_party/install/include/coal/internal/traversal_node_base.h
-- Installing: /home/rocos/sia/AVIATOR/build/aviator_clearance/third_party/install/include/coal/internal/traversal_node_bvh_shape.h
-- Installing: /home/rocos/sia/AVIATOR/build/aviator_clearance/third_party/install/include/coal/internal/traversal_node_bvhs.h
-- Installing: /home/rocos/sia/AVIATOR/build/aviator_clearance/third_party/install/include/coal/internal/traversal_node_hfield_shape.h
-- Installing: /home/rocos/sia/AVIATOR/build/aviator_clearance/third_party/install/include/coal/internal/traversal_node_setup.h
-- Installing: /home/rocos/sia/AVIATOR/build/aviator_clearance/third_party/install/include/coal/internal/traversal_node_shapes.h
-- Installing: /home/rocos/sia/AVIATOR/build/aviator_clearance/third_party/install/include/coal/internal/traversal_recurse.h
-- Installing: /home/rocos/sia/AVIATOR/build/aviator_clearance/third_party/install/include/coal/internal/traversal.h
-- Installing: /home/rocos/sia/AVIATOR/build/aviator_clearance/third_party/install/include/coal/serialization/fwd.h
-- Installing: /home/rocos/sia/AVIATOR/build/aviator_clearance/third_party/install/include/coal/serialization/serializer.h
-- Installing: /home/rocos/sia/AVIATOR/build/aviator_clearance/third_party/install/include/coal/serialization/archive.h
-- Installing: /home/rocos/sia/AVIATOR/build/aviator_clearance/third_party/install/include/coal/serialization/transform.h
-- Installing: /home/rocos/sia/AVIATOR/build/aviator_clearance/third_party/install/include/coal/serialization/AABB.h
-- Installing: /home/rocos/sia/AVIATOR/build/aviator_clearance/third_party/install/include/coal/serialization/BV_node.h
-- Installing: /home/rocos/sia/AVIATOR/build/aviator_clearance/third_party/install/include/coal/serialization/BV_splitter.h
-- Installing: /home/rocos/sia/AVIATOR/build/aviator_clearance/third_party/install/include/coal/serialization/BVH_model.h
-- Installing: /home/rocos/sia/AVIATOR/build/aviator_clearance/third_party/install/include/coal/serialization/collision_data.h
-- Installing: /home/rocos/sia/AVIATOR/build/aviator_clearance/third_party/install/include/coal/serialization/contact_patch.h
-- Installing: /home/rocos/sia/AVIATOR/build/aviator_clearance/third_party/install/include/coal/serialization/collision_object.h
-- Installing: /home/rocos/sia/AVIATOR/build/aviator_clearance/third_party/install/include/coal/serialization/convex.h
-- Installing: /home/rocos/sia/AVIATOR/build/aviator_clearance/third_party/install/include/coal/serialization/eigen.h
-- Installing: /home/rocos/sia/AVIATOR/build/aviator_clearance/third_party/install/include/coal/serialization/geometric_shapes.h
-- Installing: /home/rocos/sia/AVIATOR/build/aviator_clearance/third_party/install/include/coal/serialization/memory.h
-- Installing: /home/rocos/sia/AVIATOR/build/aviator_clearance/third_party/install/include/coal/serialization/OBB.h
-- Installing: /home/rocos/sia/AVIATOR/build/aviator_clearance/third_party/install/include/coal/serialization/RSS.h
-- Installing: /home/rocos/sia/AVIATOR/build/aviator_clearance/third_party/install/include/coal/serialization/OBBRSS.h
-- Installing: /home/rocos/sia/AVIATOR/build/aviator_clearance/third_party/install/include/coal/serialization/kIOS.h
-- Installing: /home/rocos/sia/AVIATOR/build/aviator_clearance/third_party/install/include/coal/serialization/kDOP.h
-- Installing: /home/rocos/sia/AVIATOR/build/aviator_clearance/third_party/install/include/coal/serialization/hfield.h
-- Installing: /home/rocos/sia/AVIATOR/build/aviator_clearance/third_party/install/include/coal/serialization/quadrilateral.h
-- Installing: /home/rocos/sia/AVIATOR/build/aviator_clearance/third_party/install/include/coal/serialization/triangle.h
-- Installing: /home/rocos/sia/AVIATOR/build/aviator_clearance/third_party/install/include/coal/timings.h
-- Up-to-date: /home/rocos/sia/AVIATOR/build/aviator_clearance/third_party/install/include/hpp/fcl/broadphase/broadphase_bruteforce.h
-- Up-to-date: /home/rocos/sia/AVIATOR/build/aviator_clearance/third_party/install/include/hpp/fcl/broadphase/broadphase_callbacks.h
-- Up-to-date: /home/rocos/sia/AVIATOR/build/aviator_clearance/third_party/install/include/hpp/fcl/broadphase/broadphase_collision_manager.h
-- Up-to-date: /home/rocos/sia/AVIATOR/build/aviator_clearance/third_party/install/include/hpp/fcl/broadphase/broadphase_continuous_collision_manager.h
-- Up-to-date: /home/rocos/sia/AVIATOR/build/aviator_clearance/third_party/install/include/hpp/fcl/broadphase/broadphase_continuous_collision_manager-inl.h
-- Up-to-date: /home/rocos/sia/AVIATOR/build/aviator_clearance/third_party/install/include/hpp/fcl/broadphase/broadphase_dynamic_AABB_tree_array.h
-- Up-to-date: /home/rocos/sia/AVIATOR/build/aviator_clearance/third_party/install/include/hpp/fcl/broadphase/broadphase_dynamic_AABB_tree_array-inl.h
-- Up-to-date: /home/rocos/sia/AVIATOR/build/aviator_clearance/third_party/install/include/hpp/fcl/broadphase/broadphase_dynamic_AABB_tree.h
-- Up-to-date: /home/rocos/sia/AVIATOR/build/aviator_clearance/third_party/install/include/hpp/fcl/broadphase/broadphase_dynamic_AABB_tree-inl.h
-- Up-to-date: /home/rocos/sia/AVIATOR/build/aviator_clearance/third_party/install/include/hpp/fcl/broadphase/broadphase.h
-- Up-to-date: /home/rocos/sia/AVIATOR/build/aviator_clearance/third_party/install/include/hpp/fcl/broadphase/broadphase_interval_tree.h
-- Up-to-date: /home/rocos/sia/AVIATOR/build/aviator_clearance/third_party/install/include/hpp/fcl/broadphase/broadphase_SaP.h
-- Up-to-date: /home/rocos/sia/AVIATOR/build/aviator_clearance/third_party/install/include/hpp/fcl/broadphase/broadphase_spatialhash.h
-- Up-to-date: /home/rocos/sia/AVIATOR/build/aviator_clearance/third_party/install/include/hpp/fcl/broadphase/broadphase_spatialhash-inl.h
-- Up-to-date: /home/rocos/sia/AVIATOR/build/aviator_clearance/third_party/install/include/hpp/fcl/broadphase/broadphase_SSaP.h
-- Up-to-date: /home/rocos/sia/AVIATOR/build/aviator_clearance/third_party/install/include/hpp/fcl/broadphase/default_broadphase_callbacks.h
-- Up-to-date: /home/rocos/sia/AVIATOR/build/aviator_clearance/third_party/install/include/hpp/fcl/broadphase/detail/hierarchy_tree_array.h
-- Up-to-date: /home/rocos/sia/AVIATOR/build/aviator_clearance/third_party/install/include/hpp/fcl/broadphase/detail/hierarchy_tree_array-inl.h
-- Up-to-date: /home/rocos/sia/AVIATOR/build/aviator_clearance/third_party/install/include/hpp/fcl/broadphase/detail/hierarchy_tree.h
-- Up-to-date: /home/rocos/sia/AVIATOR/build/aviator_clearance/third_party/install/include/hpp/fcl/broadphase/detail/hierarchy_tree-inl.h
-- Up-to-date: /home/rocos/sia/AVIATOR/build/aviator_clearance/third_party/install/include/hpp/fcl/broadphase/detail/interval_tree.h
-- Up-to-date: /home/rocos/sia/AVIATOR/build/aviator_clearance/third_party/install/include/hpp/fcl/broadphase/detail/interval_tree_node.h
-- Up-to-date: /home/rocos/sia/AVIATOR/build/aviator_clearance/third_party/install/include/hpp/fcl/broadphase/detail/morton.h
-- Up-to-date: /home/rocos/sia/AVIATOR/build/aviator_clearance/third_party/install/include/hpp/fcl/broadphase/detail/morton-inl.h
-- Up-to-date: /home/rocos/sia/AVIATOR/build/aviator_clearance/third_party/install/include/hpp/fcl/broadphase/detail/node_base_array.h
-- Up-to-date: /home/rocos/sia/AVIATOR/build/aviator_clearance/third_party/install/include/hpp/fcl/broadphase/detail/node_base_array-inl.h
-- Up-to-date: /home/rocos/sia/AVIATOR/build/aviator_clearance/third_party/install/include/hpp/fcl/broadphase/detail/node_base.h
-- Up-to-date: /home/rocos/sia/AVIATOR/build/aviator_clearance/third_party/install/include/hpp/fcl/broadphase/detail/node_base-inl.h
-- Up-to-date: /home/rocos/sia/AVIATOR/build/aviator_clearance/third_party/install/include/hpp/fcl/broadphase/detail/simple_hash_table.h
-- Up-to-date: /home/rocos/sia/AVIATOR/build/aviator_clearance/third_party/install/include/hpp/fcl/broadphase/detail/simple_hash_table-inl.h
-- Up-to-date: /home/rocos/sia/AVIATOR/build/aviator_clearance/third_party/install/include/hpp/fcl/broadphase/detail/simple_interval.h
-- Up-to-date: /home/rocos/sia/AVIATOR/build/aviator_clearance/third_party/install/include/hpp/fcl/broadphase/detail/simple_interval-inl.h
-- Up-to-date: /home/rocos/sia/AVIATOR/build/aviator_clearance/third_party/install/include/hpp/fcl/broadphase/detail/sparse_hash_table.h
-- Up-to-date: /home/rocos/sia/AVIATOR/build/aviator_clearance/third_party/install/include/hpp/fcl/broadphase/detail/sparse_hash_table-inl.h
-- Up-to-date: /home/rocos/sia/AVIATOR/build/aviator_clearance/third_party/install/include/hpp/fcl/broadphase/detail/spatial_hash.h
-- Up-to-date: /home/rocos/sia/AVIATOR/build/aviator_clearance/third_party/install/include/hpp/fcl/broadphase/detail/spatial_hash-inl.h
-- Up-to-date: /home/rocos/sia/AVIATOR/build/aviator_clearance/third_party/install/include/hpp/fcl/BV/AABB.h
-- Up-to-date: /home/rocos/sia/AVIATOR/build/aviator_clearance/third_party/install/include/hpp/fcl/BV/BV.h
-- Up-to-date: /home/rocos/sia/AVIATOR/build/aviator_clearance/third_party/install/include/hpp/fcl/BV/BV_node.h
-- Up-to-date: /home/rocos/sia/AVIATOR/build/aviator_clearance/third_party/install/include/hpp/fcl/BVH/BVH_front.h
-- Up-to-date: /home/rocos/sia/AVIATOR/build/aviator_clearance/third_party/install/include/hpp/fcl/BVH/BVH_internal.h
-- Up-to-date: /home/rocos/sia/AVIATOR/build/aviator_clearance/third_party/install/include/hpp/fcl/BVH/BVH_model.h
-- Up-to-date: /home/rocos/sia/AVIATOR/build/aviator_clearance/third_party/install/include/hpp/fcl/BVH/BVH_utility.h
-- Up-to-date: /home/rocos/sia/AVIATOR/build/aviator_clearance/third_party/install/include/hpp/fcl/BV/kDOP.h
-- Up-to-date: /home/rocos/sia/AVIATOR/build/aviator_clearance/third_party/install/include/hpp/fcl/BV/kIOS.h
-- Up-to-date: /home/rocos/sia/AVIATOR/build/aviator_clearance/third_party/install/include/hpp/fcl/BV/OBB.h
-- Up-to-date: /home/rocos/sia/AVIATOR/build/aviator_clearance/third_party/install/include/hpp/fcl/BV/OBBRSS.h
-- Up-to-date: /home/rocos/sia/AVIATOR/build/aviator_clearance/third_party/install/include/hpp/fcl/BV/RSS.h
-- Up-to-date: /home/rocos/sia/AVIATOR/build/aviator_clearance/third_party/install/include/hpp/fcl/coal.hpp
-- Up-to-date: /home/rocos/sia/AVIATOR/build/aviator_clearance/third_party/install/include/hpp/fcl/collision_data.h
-- Up-to-date: /home/rocos/sia/AVIATOR/build/aviator_clearance/third_party/install/include/hpp/fcl/collision_func_matrix.h
-- Up-to-date: /home/rocos/sia/AVIATOR/build/aviator_clearance/third_party/install/include/hpp/fcl/collision.h
-- Up-to-date: /home/rocos/sia/AVIATOR/build/aviator_clearance/third_party/install/include/hpp/fcl/collision_object.h
-- Up-to-date: /home/rocos/sia/AVIATOR/build/aviator_clearance/third_party/install/include/hpp/fcl/collision_utility.h
-- Up-to-date: /home/rocos/sia/AVIATOR/build/aviator_clearance/third_party/install/include/hpp/fcl/config.hh
-- Up-to-date: /home/rocos/sia/AVIATOR/build/aviator_clearance/third_party/install/include/hpp/fcl/contact_patch/contact_patch_solver.h
-- Up-to-date: /home/rocos/sia/AVIATOR/build/aviator_clearance/third_party/install/include/hpp/fcl/contact_patch/contact_patch_solver.hxx
-- Up-to-date: /home/rocos/sia/AVIATOR/build/aviator_clearance/third_party/install/include/hpp/fcl/contact_patch_func_matrix.h
-- Up-to-date: /home/rocos/sia/AVIATOR/build/aviator_clearance/third_party/install/include/hpp/fcl/contact_patch.h
-- Up-to-date: /home/rocos/sia/AVIATOR/build/aviator_clearance/third_party/install/include/hpp/fcl/data_types.h
-- Up-to-date: /home/rocos/sia/AVIATOR/build/aviator_clearance/third_party/install/include/hpp/fcl/deprecated.hh
-- Up-to-date: /home/rocos/sia/AVIATOR/build/aviator_clearance/third_party/install/include/hpp/fcl/distance_func_matrix.h
-- Up-to-date: /home/rocos/sia/AVIATOR/build/aviator_clearance/third_party/install/include/hpp/fcl/distance.h
-- Up-to-date: /home/rocos/sia/AVIATOR/build/aviator_clearance/third_party/install/include/hpp/fcl/fwd.hh
-- Up-to-date: /home/rocos/sia/AVIATOR/build/aviator_clearance/third_party/install/include/hpp/fcl/hfield.h
-- Up-to-date: /home/rocos/sia/AVIATOR/build/aviator_clearance/third_party/install/include/hpp/fcl/internal/BV_fitter.h
-- Up-to-date: /home/rocos/sia/AVIATOR/build/aviator_clearance/third_party/install/include/hpp/fcl/internal/BV_splitter.h
-- Up-to-date: /home/rocos/sia/AVIATOR/build/aviator_clearance/third_party/install/include/hpp/fcl/internal/intersect.h
-- Up-to-date: /home/rocos/sia/AVIATOR/build/aviator_clearance/third_party/install/include/hpp/fcl/internal/shape_shape_contact_patch_func.h
-- Up-to-date: /home/rocos/sia/AVIATOR/build/aviator_clearance/third_party/install/include/hpp/fcl/internal/shape_shape_func.h
-- Up-to-date: /home/rocos/sia/AVIATOR/build/aviator_clearance/third_party/install/include/hpp/fcl/internal/tools.h
-- Up-to-date: /home/rocos/sia/AVIATOR/build/aviator_clearance/third_party/install/include/hpp/fcl/internal/traversal.h
-- Up-to-date: /home/rocos/sia/AVIATOR/build/aviator_clearance/third_party/install/include/hpp/fcl/internal/traversal_node_base.h
-- Up-to-date: /home/rocos/sia/AVIATOR/build/aviator_clearance/third_party/install/include/hpp/fcl/internal/traversal_node_bvhs.h
-- Up-to-date: /home/rocos/sia/AVIATOR/build/aviator_clearance/third_party/install/include/hpp/fcl/internal/traversal_node_bvh_shape.h
-- Up-to-date: /home/rocos/sia/AVIATOR/build/aviator_clearance/third_party/install/include/hpp/fcl/internal/traversal_node_hfield_shape.h
-- Up-to-date: /home/rocos/sia/AVIATOR/build/aviator_clearance/third_party/install/include/hpp/fcl/internal/traversal_node_setup.h
-- Up-to-date: /home/rocos/sia/AVIATOR/build/aviator_clearance/third_party/install/include/hpp/fcl/internal/traversal_node_shapes.h
-- Up-to-date: /home/rocos/sia/AVIATOR/build/aviator_clearance/third_party/install/include/hpp/fcl/internal/traversal_recurse.h
-- Up-to-date: /home/rocos/sia/AVIATOR/build/aviator_clearance/third_party/install/include/hpp/fcl/internal/traversal_node_octree.h
-- Up-to-date: /home/rocos/sia/AVIATOR/build/aviator_clearance/third_party/install/include/hpp/fcl/logging.h
-- Up-to-date: /home/rocos/sia/AVIATOR/build/aviator_clearance/third_party/install/include/hpp/fcl/math/matrix_3f.h
-- Up-to-date: /home/rocos/sia/AVIATOR/build/aviator_clearance/third_party/install/include/hpp/fcl/math/transform.h
-- Up-to-date: /home/rocos/sia/AVIATOR/build/aviator_clearance/third_party/install/include/hpp/fcl/math/types.h
-- Up-to-date: /home/rocos/sia/AVIATOR/build/aviator_clearance/third_party/install/include/hpp/fcl/math/vec_3f.h
-- Up-to-date: /home/rocos/sia/AVIATOR/build/aviator_clearance/third_party/install/include/hpp/fcl/mesh_loader/assimp.h
-- Up-to-date: /home/rocos/sia/AVIATOR/build/aviator_clearance/third_party/install/include/hpp/fcl/mesh_loader/loader.h
-- Up-to-date: /home/rocos/sia/AVIATOR/build/aviator_clearance/third_party/install/include/hpp/fcl/narrowphase/gjk.h
-- Up-to-date: /home/rocos/sia/AVIATOR/build/aviator_clearance/third_party/install/include/hpp/fcl/narrowphase/minkowski_difference.h
-- Up-to-date: /home/rocos/sia/AVIATOR/build/aviator_clearance/third_party/install/include/hpp/fcl/narrowphase/narrowphase_defaults.h
-- Up-to-date: /home/rocos/sia/AVIATOR/build/aviator_clearance/third_party/install/include/hpp/fcl/narrowphase/narrowphase.h
-- Up-to-date: /home/rocos/sia/AVIATOR/build/aviator_clearance/third_party/install/include/hpp/fcl/narrowphase/support_functions.h
-- Up-to-date: /home/rocos/sia/AVIATOR/build/aviator_clearance/third_party/install/include/hpp/fcl/octree.h
-- Up-to-date: /home/rocos/sia/AVIATOR/build/aviator_clearance/third_party/install/include/hpp/fcl/serialization/AABB.h
-- Up-to-date: /home/rocos/sia/AVIATOR/build/aviator_clearance/third_party/install/include/hpp/fcl/serialization/archive.h
-- Up-to-date: /home/rocos/sia/AVIATOR/build/aviator_clearance/third_party/install/include/hpp/fcl/serialization/BVH_model.h
-- Up-to-date: /home/rocos/sia/AVIATOR/build/aviator_clearance/third_party/install/include/hpp/fcl/serialization/BV_node.h
-- Up-to-date: /home/rocos/sia/AVIATOR/build/aviator_clearance/third_party/install/include/hpp/fcl/serialization/BV_splitter.h
-- Up-to-date: /home/rocos/sia/AVIATOR/build/aviator_clearance/third_party/install/include/hpp/fcl/serialization/collision_data.h
-- Up-to-date: /home/rocos/sia/AVIATOR/build/aviator_clearance/third_party/install/include/hpp/fcl/serialization/collision_object.h
-- Up-to-date: /home/rocos/sia/AVIATOR/build/aviator_clearance/third_party/install/include/hpp/fcl/serialization/contact_patch.h
-- Up-to-date: /home/rocos/sia/AVIATOR/build/aviator_clearance/third_party/install/include/hpp/fcl/serialization/convex.h
-- Up-to-date: /home/rocos/sia/AVIATOR/build/aviator_clearance/third_party/install/include/hpp/fcl/serialization/eigen.h
-- Up-to-date: /home/rocos/sia/AVIATOR/build/aviator_clearance/third_party/install/include/hpp/fcl/serialization/fwd.h
-- Up-to-date: /home/rocos/sia/AVIATOR/build/aviator_clearance/third_party/install/include/hpp/fcl/serialization/geometric_shapes.h
-- Up-to-date: /home/rocos/sia/AVIATOR/build/aviator_clearance/third_party/install/include/hpp/fcl/serialization/hfield.h
-- Up-to-date: /home/rocos/sia/AVIATOR/build/aviator_clearance/third_party/install/include/hpp/fcl/serialization/kDOP.h
-- Up-to-date: /home/rocos/sia/AVIATOR/build/aviator_clearance/third_party/install/include/hpp/fcl/serialization/kIOS.h
-- Up-to-date: /home/rocos/sia/AVIATOR/build/aviator_clearance/third_party/install/include/hpp/fcl/serialization/memory.h
-- Up-to-date: /home/rocos/sia/AVIATOR/build/aviator_clearance/third_party/install/include/hpp/fcl/serialization/OBB.h
-- Up-to-date: /home/rocos/sia/AVIATOR/build/aviator_clearance/third_party/install/include/hpp/fcl/serialization/OBBRSS.h
-- Up-to-date: /home/rocos/sia/AVIATOR/build/aviator_clearance/third_party/install/include/hpp/fcl/serialization/octree.h
-- Up-to-date: /home/rocos/sia/AVIATOR/build/aviator_clearance/third_party/install/include/hpp/fcl/serialization/quadrilateral.h
-- Up-to-date: /home/rocos/sia/AVIATOR/build/aviator_clearance/third_party/install/include/hpp/fcl/serialization/RSS.h
-- Up-to-date: /home/rocos/sia/AVIATOR/build/aviator_clearance/third_party/install/include/hpp/fcl/serialization/serializer.h
-- Up-to-date: /home/rocos/sia/AVIATOR/build/aviator_clearance/third_party/install/include/hpp/fcl/serialization/transform.h
-- Up-to-date: /home/rocos/sia/AVIATOR/build/aviator_clearance/third_party/install/include/hpp/fcl/serialization/triangle.h
-- Up-to-date: /home/rocos/sia/AVIATOR/build/aviator_clearance/third_party/install/include/hpp/fcl/shape/convex.h
-- Up-to-date: /home/rocos/sia/AVIATOR/build/aviator_clearance/third_party/install/include/hpp/fcl/shape/details/convex.hxx
-- Up-to-date: /home/rocos/sia/AVIATOR/build/aviator_clearance/third_party/install/include/hpp/fcl/shape/geometric_shapes.h
-- Up-to-date: /home/rocos/sia/AVIATOR/build/aviator_clearance/third_party/install/include/hpp/fcl/shape/geometric_shapes_traits.h
-- Up-to-date: /home/rocos/sia/AVIATOR/build/aviator_clearance/third_party/install/include/hpp/fcl/shape/geometric_shapes_utility.h
-- Up-to-date: /home/rocos/sia/AVIATOR/build/aviator_clearance/third_party/install/include/hpp/fcl/shape/geometric_shape_to_BVH_model.h
-- Up-to-date: /home/rocos/sia/AVIATOR/build/aviator_clearance/third_party/install/include/hpp/fcl/timings.h
-- Up-to-date: /home/rocos/sia/AVIATOR/build/aviator_clearance/third_party/install/include/hpp/fcl/warning.hh
-- Installing: /home/rocos/sia/AVIATOR/build/aviator_clearance/third_party/install/include/coal/octree.h
-- Installing: /home/rocos/sia/AVIATOR/build/aviator_clearance/third_party/install/include/coal/serialization/octree.h
-- Installing: /home/rocos/sia/AVIATOR/build/aviator_clearance/third_party/install/include/coal/internal/traversal_node_octree.h
-- Installing: /home/rocos/sia/AVIATOR/build/aviator_clearance/third_party/install/share/ament_index/resource_index/packages/coal
-- Installing: /home/rocos/sia/AVIATOR/build/aviator_clearance/third_party/install/share/coal/hook/ament_prefix_path.dsv
-- Installing: /home/rocos/sia/AVIATOR/build/aviator_clearance/third_party/install/share/coal/package.xml
-- Installing: /home/rocos/sia/AVIATOR/build/aviator_clearance/third_party/install/lib/cmake/coal/cxx-standard.cmake
-- Installing: /home/rocos/sia/AVIATOR/build/aviator_clearance/third_party/install/lib/cmake/coal/coalConfig.cmake
-- Installing: /home/rocos/sia/AVIATOR/build/aviator_clearance/third_party/install/lib/cmake/coal/coalConfigVersion.cmake
-- Installing: /home/rocos/sia/AVIATOR/build/aviator_clearance/third_party/install/lib/cmake/coal/coalTargets.cmake
-- Installing: /home/rocos/sia/AVIATOR/build/aviator_clearance/third_party/install/lib/cmake/coal/coalTargets-release.cmake
