╔══════════════════════════════════════════════════════════════╗
║  ROCOS MuJoCo 仿真器 (EtherCAT 主站模拟)                    ║
╠══════════════════════════════════════════════════════════════╣
║  模型:      /home/rocos/sia/AVIATOR/reference/rocos-mujoco/model/aviator_csp_izz_0.0001_weld0.001.xml║
║  配置:      /home/rocos/sia/AVIATOR/reference/rocos-mujoco/build/aviator-visual/bin/config/hardware_aviator_config.yaml║
║  ecat_id:   1441363                                          ║
║  周期:      1000 us                                       ║
║  可视化:    关闭 (无头模式)                            ║
╚══════════════════════════════════════════════════════════════╝

[1;32m[INFO][0m MujocoSimulator initializing...

[SHM] Create new SharedMemoryConfig instance: 1441363
[1;32m [INFO][SHM] Shared memory ready.[0m
joint < AR5-5_07L-W4C4A2_joint_1 >'s assigned slave <id: 0 > is a driver joint.
joint < AR5-5_07L-W4C4A2_joint_2 >'s assigned slave <id: 1 > is a driver joint.
joint < AR5-5_07L-W4C4A2_joint_3 >'s assigned slave <id: 2 > is a driver joint.
joint < AR5-5_07L-W4C4A2_joint_4 >'s assigned slave <id: 3 > is a driver joint.
joint < AR5-5_07L-W4C4A2_joint_5 >'s assigned slave <id: 4 > is a driver joint.
joint < AR5-5_07L-W4C4A2_joint_6 >'s assigned slave <id: 5 > is a driver joint.
joint < AR5-5_07L-W4C4A2_joint_7 >'s assigned slave <id: 6 > is a driver joint.
joint < AR5-5_07R-W4C4A2_joint_1 >'s assigned slave <id: 7 > is a driver joint.
joint < AR5-5_07R-W4C4A2_joint_2 >'s assigned slave <id: 8 > is a driver joint.
joint < AR5-5_07R-W4C4A2_joint_3 >'s assigned slave <id: 9 > is a driver joint.
joint < AR5-5_07R-W4C4A2_joint_4 >'s assigned slave <id: 10 > is a driver joint.
joint < AR5-5_07R-W4C4A2_joint_5 >'s assigned slave <id: 11 > is a driver joint.
joint < AR5-5_07R-W4C4A2_joint_6 >'s assigned slave <id: 12 > is a driver joint.
joint < AR5-5_07R-W4C4A2_joint_7 >'s assigned slave <id: 13 > is a driver joint.
[2026-09-25 00:32:11.597] [Robot] [info] Robot is initializing...
[WARN] [1790267531.598967112] [kdl_parser]: The root link aircraft has an inertia specified in the URDF, but KDL does not support a root link with an inertia.  As a workaround, you can add an extra dummy link to your URDF.
[2026-09-25 00:32:11.599] [Robot] [info] Parsing drive parameters from urdf file: /home/rocos/sia/AVIATOR/AviatorRobot/config/aviator_control.urdf
Curr Drive State: SwitchOnDisabled
Curr Drive State: SwitchOnDisabled
Curr Drive State: SwitchOnDisabled
Curr Drive State: SwitchOnDisabled
Curr Drive State: SwitchOnDisabled
Curr Drive State: SwitchOnDisabled
Curr Drive State: SwitchOnDisabled
[2026-09-25 00:32:11.599] [Robot] [info] All joint parameters:
idx name                id    lower     upper     vel      acc      jerk     ratio     offset   cnt/unit     torque/unit     unit
-----------------------------------------------------------------------------------------------------------------------------
0   AR5-5_07L-W4C4A2_joint_10     -3.1067   3.1067    3.0543   10.0000  150.0000 1.0000    0        156455.6780  1.0000          rad
1   AR5-5_07L-W4C4A2_joint_21     -2.0944   2.0944    3.0543   10.0000  150.0000 1.0000    0        156455.6780  1.0000          rad
2   AR5-5_07L-W4C4A2_joint_32     -3.1067   3.1067    4.7124   10.0000  150.0000 1.0000    0        156455.6780  1.0000          rad
3   AR5-5_07L-W4C4A2_joint_43     -1.0472   2.5307    5.2360   10.0000  150.0000 1.0000    0        156455.6780  1.0000          rad
4   AR5-5_07L-W4C4A2_joint_54     -3.1067   3.1067    4.1888   10.0000  150.0000 1.0000    0        156455.6780  1.0000          rad
5   AR5-5_07L-W4C4A2_joint_65     -1.0472   1.0472    4.1888   10.0000  150.0000 1.0000    0        156455.6780  1.0000          rad
6   AR5-5_07L-W4C4A2_joint_76     -1.0472   1.0472    4.1888   10.0000  150.0000 1.0000    0        156455.6780  1.0000          rad

[2026-09-25 00:32:11.599] [Robot] [info] Kinematics initialized successfully.
[2026-09-25 00:32:11.599] [Robot] [info] Dynamics initialized successfully.
Drive Guard is running on thread 73aeec96a600
[2026-09-25 00:32:11.599] [Robot] [error] joints[0] is not Enabled
[2026-09-25 00:32:11.599] [Robot] [info] Robot is initializing...
[WARN] [1790267531.600285301] [kdl_parser]: The root link aircraft has an inertia specified in the URDF, but KDL does not support a root link with an inertia.  As a workaround, you can add an extra dummy link to your URDF.
[2026-09-25 00:32:11.600] [Robot] [info] Parsing drive parameters from urdf file: /home/rocos/sia/AVIATOR/AviatorRobot/config/aviator_control.urdf
Curr Drive State: SwitchOnDisabled
Curr Drive State: SwitchOnDisabled
Curr Drive State: SwitchOnDisabled
Curr Drive State: SwitchOnDisabled
Curr Drive State: SwitchOnDisabled
Curr Drive State: SwitchOnDisabled
Curr Drive State: SwitchOnDisabled
[2026-09-25 00:32:11.600] [Robot] [info] All joint parameters:
idx name                id    lower     upper     vel      acc      jerk     ratio     offset   cnt/unit     torque/unit     unit
-----------------------------------------------------------------------------------------------------------------------------
0   AR5-5_07R-W4C4A2_joint_17     -3.1067   3.1067    3.0543   10.0000  150.0000 1.0000    0        156455.6780  1.0000          rad
1   AR5-5_07R-W4C4A2_joint_28     -2.0944   2.0944    3.0543   10.0000  150.0000 1.0000    0        156455.6780  1.0000          rad
2   AR5-5_07R-W4C4A2_joint_39     -3.1067   3.1067    4.7124   10.0000  150.0000 1.0000    0        156455.6780  1.0000          rad
3   AR5-5_07R-W4C4A2_joint_410    -1.0472   2.5307    5.2360   10.0000  150.0000 1.0000    0        156455.6780  1.0000          rad
4   AR5-5_07R-W4C4A2_joint_511    -3.1067   3.1067    4.1888   10.0000  150.0000 1.0000    0        156455.6780  1.0000          rad
5   AR5-5_07R-W4C4A2_joint_612    -1.0472   1.0472    4.1888   10.0000  150.0000 1.0000    0        156455.6780  1.0000          rad
6   AR5-5_07R-W4C4A2_joint_713    -1.0472   1.0472    4.1888   10.0000  150.0000 1.0000    0        156455.6780  1.0000          rad

[2026-09-25 00:32:11.600] [Robot] [info] Kinematics initialized successfully.
[2026-09-25 00:32:11.600] [Robot] [info] Dynamics initialized successfully.
[2026-09-25 00:32:11.600] [Robot] [error] joints[0] is not Enabled
step_probe_failed: Left joint 2 outside elbow-down range [85, 95] deg
Drive Guard thread is terminated.

Traceback (most recent call last):
  File "/home/rocos/sia/AVIATOR/AviatorRobot/tests/run_joint_step_probe.py", line 54, in <module>
    raise RuntimeError(probe_log.read_text())
RuntimeError: [SHM] Create new SharedMemoryConfig instance: 1441363
[1;32m [INFO][SHM] Shared memory ready.[0m
joint < AR5-5_07L-W4C4A2_joint_1 >'s assigned slave <id: 0 > is a driver joint.
joint < AR5-5_07L-W4C4A2_joint_2 >'s assigned slave <id: 1 > is a driver joint.
joint < AR5-5_07L-W4C4A2_joint_3 >'s assigned slave <id: 2 > is a driver joint.
joint < AR5-5_07L-W4C4A2_joint_4 >'s assigned slave <id: 3 > is a driver joint.
joint < AR5-5_07L-W4C4A2_joint_5 >'s assigned slave <id: 4 > is a driver joint.
joint < AR5-5_07L-W4C4A2_joint_6 >'s assigned slave <id: 5 > is a driver joint.
joint < AR5-5_07L-W4C4A2_joint_7 >'s assigned slave <id: 6 > is a driver joint.
joint < AR5-5_07R-W4C4A2_joint_1 >'s assigned slave <id: 7 > is a driver joint.
joint < AR5-5_07R-W4C4A2_joint_2 >'s assigned slave <id: 8 > is a driver joint.
joint < AR5-5_07R-W4C4A2_joint_3 >'s assigned slave <id: 9 > is a driver joint.
joint < AR5-5_07R-W4C4A2_joint_4 >'s assigned slave <id: 10 > is a driver joint.
joint < AR5-5_07R-W4C4A2_joint_5 >'s assigned slave <id: 11 > is a driver joint.
joint < AR5-5_07R-W4C4A2_joint_6 >'s assigned slave <id: 12 > is a driver joint.
joint < AR5-5_07R-W4C4A2_joint_7 >'s assigned slave <id: 13 > is a driver joint.
[2026-09-25 00:32:11.597] [Robot] [info] Robot is initializing...
[WARN] [1790267531.598967112] [kdl_parser]: The root link aircraft has an inertia specified in the URDF, but KDL does not support a root link with an inertia.  As a workaround, you can add an extra dummy link to your URDF.
[2026-09-25 00:32:11.599] [Robot] [info] Parsing drive parameters from urdf file: /home/rocos/sia/AVIATOR/AviatorRobot/config/aviator_control.urdf
Curr Drive State: SwitchOnDisabled
Curr Drive State: SwitchOnDisabled
Curr Drive State: SwitchOnDisabled
Curr Drive State: SwitchOnDisabled
Curr Drive State: SwitchOnDisabled
Curr Drive State: SwitchOnDisabled
Curr Drive State: SwitchOnDisabled
[2026-09-25 00:32:11.599] [Robot] [info] All joint parameters:
idx name                id    lower     upper     vel      acc      jerk     ratio     offset   cnt/unit     torque/unit     unit
-----------------------------------------------------------------------------------------------------------------------------
0   AR5-5_07L-W4C4A2_joint_10     -3.1067   3.1067    3.0543   10.0000  150.0000 1.0000    0        156455.6780  1.0000          rad
1   AR5-5_07L-W4C4A2_joint_21     -2.0944   2.0944    3.0543   10.0000  150.0000 1.0000    0        156455.6780  1.0000          rad
2   AR5-5_07L-W4C4A2_joint_32     -3.1067   3.1067    4.7124   10.0000  150.0000 1.0000    0        156455.6780  1.0000          rad
3   AR5-5_07L-W4C4A2_joint_43     -1.0472   2.5307    5.2360   10.0000  150.0000 1.0000    0        156455.6780  1.0000          rad
4   AR5-5_07L-W4C4A2_joint_54     -3.1067   3.1067    4.1888   10.0000  150.0000 1.0000    0        156455.6780  1.0000          rad
5   AR5-5_07L-W4C4A2_joint_65     -1.0472   1.0472    4.1888   10.0000  150.0000 1.0000    0        156455.6780  1.0000          rad
6   AR5-5_07L-W4C4A2_joint_76     -1.0472   1.0472    4.1888   10.0000  150.0000 1.0000    0        156455.6780  1.0000          rad

[2026-09-25 00:32:11.599] [Robot] [info] Kinematics initialized successfully.
[2026-09-25 00:32:11.599] [Robot] [info] Dynamics initialized successfully.
Drive Guard is running on thread 73aeec96a600
[2026-09-25 00:32:11.599] [Robot] [error] joints[0] is not Enabled
[2026-09-25 00:32:11.599] [Robot] [info] Robot is initializing...
[WARN] [1790267531.600285301] [kdl_parser]: The root link aircraft has an inertia specified in the URDF, but KDL does not support a root link with an inertia.  As a workaround, you can add an extra dummy link to your URDF.
[2026-09-25 00:32:11.600] [Robot] [info] Parsing drive parameters from urdf file: /home/rocos/sia/AVIATOR/AviatorRobot/config/aviator_control.urdf
Curr Drive State: SwitchOnDisabled
Curr Drive State: SwitchOnDisabled
Curr Drive State: SwitchOnDisabled
Curr Drive State: SwitchOnDisabled
Curr Drive State: SwitchOnDisabled
Curr Drive State: SwitchOnDisabled
Curr Drive State: SwitchOnDisabled
[2026-09-25 00:32:11.600] [Robot] [info] All joint parameters:
idx name                id    lower     upper     vel      acc      jerk     ratio     offset   cnt/unit     torque/unit     unit
-----------------------------------------------------------------------------------------------------------------------------
0   AR5-5_07R-W4C4A2_joint_17     -3.1067   3.1067    3.0543   10.0000  150.0000 1.0000    0        156455.6780  1.0000          rad
1   AR5-5_07R-W4C4A2_joint_28     -2.0944   2.0944    3.0543   10.0000  150.0000 1.0000    0        156455.6780  1.0000          rad
2   AR5-5_07R-W4C4A2_joint_39     -3.1067   3.1067    4.7124   10.0000  150.0000 1.0000    0        156455.6780  1.0000          rad
3   AR5-5_07R-W4C4A2_joint_410    -1.0472   2.5307    5.2360   10.0000  150.0000 1.0000    0        156455.6780  1.0000          rad
4   AR5-5_07R-W4C4A2_joint_511    -3.1067   3.1067    4.1888   10.0000  150.0000 1.0000    0        156455.6780  1.0000          rad
5   AR5-5_07R-W4C4A2_joint_612    -1.0472   1.0472    4.1888   10.0000  150.0000 1.0000    0        156455.6780  1.0000          rad
6   AR5-5_07R-W4C4A2_joint_713    -1.0472   1.0472    4.1888   10.0000  150.0000 1.0000    0        156455.6780  1.0000          rad

[2026-09-25 00:32:11.600] [Robot] [info] Kinematics initialized successfully.
[2026-09-25 00:32:11.600] [Robot] [info] Dynamics initialized successfully.
[2026-09-25 00:32:11.600] [Robot] [error] joints[0] is not Enabled
step_probe_failed: Left joint 2 outside elbow-down range [85, 95] deg
Drive Guard thread is terminated.

