[I|2026-10-01 16:32:22.759 40024] uid: d82dc8ea-6326 | re-watch event: moveExecution 
[I|2026-10-01 16:32:22.759 40024] uid: d82dc8ea-6326 | Connect to 192.168.1.160 from 192.168.1.100
[I|2026-10-01 16:32:22.803 40024] uid: d82dc8ea-6326 | setRtNetworkTolerance end, percent: 20% (0)
[I|2026-10-01 16:32:23.152 40024] uid: d82dc8ea-6326 | setMotionControlMode end, mode: RtCommand (0)
[I|2026-10-01 16:32:23.155 40024] uid: d82dc8ea-6326 | setOperationMode end, switch to auto (-3)
[I|2026-10-01 16:32:23.251 40024] uid: d82dc8ea-6326 | setMotionControlMode end, mode: Idle (0)
[I|2026-10-01 16:32:23.254 40024] uid: d82dc8ea-6326 | disconnectFromRobot end (0)
[I|2026-10-01 16:32:29.531 40063] uid: d82dc8ea-6326 | re-watch event: moveExecution 
[I|2026-10-01 16:32:29.531 40063] uid: d82dc8ea-6326 | Connect to 192.168.1.160 from 192.168.1.100
[I|2026-10-01 16:32:29.575 40063] uid: d82dc8ea-6326 | setRtNetworkTolerance end, percent: 20% (0)
[I|2026-10-01 16:32:29.919 40063] uid: d82dc8ea-6326 | setMotionControlMode end, mode: RtCommand (0)
[I|2026-10-01 16:32:29.921 40063] uid: d82dc8ea-6326 | setOperationMode end, switch to auto (0)
[I|2026-10-01 16:32:29.923 40063] uid: d82dc8ea-6326 | setToolset end, Set toolset to end:trans:[0, 0.02, 0.13], rpy:[0, 1.5707963267948963, -0], ref:trans:[0, 0, 0], rpy:[0, 0, 0], load:m:0.82316, cog:[0.009571113016310001, -0.01225178580982, 0.03667256806684] (0)
[I|2026-10-01 16:32:29.925 40063] uid: d82dc8ea-6326 | set rt local port to 1337
[I|2026-10-01 16:32:29.925 40063] uid: d82dc8ea-6326 | set timeout to 3 ms
[I|2026-10-01 16:32:29.926 40063] uid: d82dc8ea-6326 | setEndEffectorFrame [-2.220446049250313e-16, 0, 1.0000000000000002, 0, 0, 1, 0, 0.02, -1.0000000000000002, 0, -2.220446049250313e-16, 0.13, 0, 0, 0, 1] (0)
[I|2026-10-01 16:44:00.555 40063] uid: ac51bacd-19a5 | setMotionControlMode end, mode: Idle (0)
[I|2026-10-01 16:44:00.560 40063] uid: ac51bacd-19a5 | disconnectFromRobot end (0)
[I|2026-10-01 16:45:51.111 42114] uid: d82dc8ea-6326 | re-watch event: moveExecution 
[I|2026-10-01 16:45:51.111 42114] uid: d82dc8ea-6326 | Connect to 192.168.1.160 from 192.168.1.100
[I|2026-10-01 16:45:51.159 42114] uid: d82dc8ea-6326 | setRtNetworkTolerance end, percent: 20% (0)
[I|2026-10-01 16:45:51.508 42114] uid: d82dc8ea-6326 | setMotionControlMode end, mode: RtCommand (0)
[I|2026-10-01 16:45:51.509 42114] uid: d82dc8ea-6326 | setOperationMode end, switch to auto (0)
[I|2026-10-01 16:45:51.511 42114] uid: d82dc8ea-6326 | setToolset end, Set toolset to end:trans:[0, 0.02, 0.13], rpy:[0, 1.5707963267948963, -0], ref:trans:[0, 0, 0], rpy:[0, 0, 0], load:m:0.82316, cog:[0.009571113016310001, -0.01225178580982, 0.03667256806684] (0)
[I|2026-10-01 16:45:51.513 42114] uid: d82dc8ea-6326 | set rt local port to 1337
[I|2026-10-01 16:45:51.513 42114] uid: d82dc8ea-6326 | set timeout to 3 ms
[I|2026-10-01 16:45:51.513 42114] uid: d82dc8ea-6326 | setEndEffectorFrame [-2.220446049250313e-16, 0, 1.0000000000000002, 0, 0, 1, 0, 0.02, -1.0000000000000002, 0, -2.220446049250313e-16, 0.13, 0, 0, 0, 1] (0)
[I|2026-10-01 16:46:06.418 42140] uid: ac51bacd-19a5 | setPowerState end, switch motor true (0)
[I|2026-10-01 16:46:06.420 42140] uid: ac51bacd-19a5 | set state data port to 1338
[I|2026-10-01 16:46:06.666 42140] uid: ac51bacd-19a5 | startReceiveRobotState end, 1 ["dq_m", "pos_m", "q_m"] (0)
[I|2026-10-01 16:46:06.667 42140] uid: ac51bacd-19a5 | setJointImpedance [500, 500, 500, 500, 50, 50, 50] (0)
[I|2026-10-01 16:46:07.195 42140] uid: ac51bacd-19a5 | RtControlT startMove jointImpedance
[I|2026-10-01 16:46:07.195 42140] uid: ac51bacd-19a5 | exec startLoop false
[I|2026-10-01 16:47:48.017 42140] uid: ac51bacd-19a5 | exec stopLoop
[I|2026-10-01 16:47:48.022 42140] uid: ac51bacd-19a5 | RtControlT stopMove
[I|2026-10-01 16:47:48.162 42140] uid: ac51bacd-19a5 | setPowerState end, switch motor false (0)
[I|2026-10-01 16:49:40.247 42114] uid: ac51bacd-19a5 | setMotionControlMode end, mode: Idle (0)
[I|2026-10-01 16:49:40.251 42114] uid: ac51bacd-19a5 | disconnectFromRobot end (0)
[I|2026-10-01 16:52:49.587 43692] uid: d82dc8ea-6326 | re-watch event: moveExecution 
[I|2026-10-01 16:52:49.587 43692] uid: d82dc8ea-6326 | Connect to 192.168.1.160 from 192.168.1.100
[I|2026-10-01 16:52:49.635 43692] uid: d82dc8ea-6326 | setRtNetworkTolerance end, percent: 20% (0)
[I|2026-10-01 16:52:49.983 43692] uid: d82dc8ea-6326 | setMotionControlMode end, mode: RtCommand (0)
[I|2026-10-01 16:52:49.984 43692] uid: d82dc8ea-6326 | setOperationMode end, switch to auto (0)
[I|2026-10-01 16:52:49.986 43692] uid: d82dc8ea-6326 | setToolset end, Set toolset to end:trans:[0, 0.05, 0.13], rpy:[0, 1.5707963267948963, -0], ref:trans:[0, 0, 0], rpy:[0, 0, 0], load:m:0.82316, cog:[0.009571113016310001, -0.01225178580982, 0.03667256806684] (0)
[I|2026-10-01 16:52:49.988 43692] uid: d82dc8ea-6326 | set rt local port to 1337
[I|2026-10-01 16:52:49.988 43692] uid: d82dc8ea-6326 | set timeout to 3 ms
[I|2026-10-01 16:52:49.988 43692] uid: d82dc8ea-6326 | setEndEffectorFrame [-2.220446049250313e-16, 0, 1.0000000000000002, 0, 0, 1, 0, 0.05, -1.0000000000000002, 0, -2.220446049250313e-16, 0.13, 0, 0, 0, 1] (0)
[I|2026-10-01 16:53:04.611 43718] uid: ac51bacd-19a5 | setPowerState end, switch motor true (0)
[I|2026-10-01 16:53:04.612 43718] uid: ac51bacd-19a5 | set state data port to 1338
[I|2026-10-01 16:53:04.859 43718] uid: ac51bacd-19a5 | startReceiveRobotState end, 1 ["dq_m", "pos_m", "q_m"] (0)
[I|2026-10-01 16:53:04.859 43718] uid: ac51bacd-19a5 | setJointImpedance [500, 500, 500, 500, 50, 50, 50] (0)
[I|2026-10-01 16:53:05.386 43718] uid: ac51bacd-19a5 | RtControlT startMove jointImpedance
[I|2026-10-01 16:53:05.386 43718] uid: ac51bacd-19a5 | exec startLoop false
[I|2026-10-01 16:54:50.942 43718] uid: ac51bacd-19a5 | exec stopLoop
[I|2026-10-01 16:54:50.947 43718] uid: ac51bacd-19a5 | RtControlT stopMove
[I|2026-10-01 16:54:51.087 43718] uid: ac51bacd-19a5 | setPowerState end, switch motor false (0)
[I|2026-10-01 16:54:55.179 43692] uid: ac51bacd-19a5 | setMotionControlMode end, mode: Idle (0)
[I|2026-10-01 16:54:55.185 43692] uid: ac51bacd-19a5 | disconnectFromRobot end (0)
[I|2026-10-01 17:19:02.503 50994] uid: d82dc8ea-6326 | re-watch event: moveExecution 
[I|2026-10-01 17:19:02.503 50994] uid: d82dc8ea-6326 | Connect to 192.168.1.160 from 192.168.1.100
[I|2026-10-01 17:19:02.551 50994] uid: d82dc8ea-6326 | setRtNetworkTolerance end, percent: 20% (0)
[I|2026-10-01 17:19:02.896 50994] uid: d82dc8ea-6326 | setMotionControlMode end, mode: RtCommand (0)
[I|2026-10-01 17:19:02.897 50994] uid: d82dc8ea-6326 | setOperationMode end, switch to auto (0)
[I|2026-10-01 17:19:02.900 50994] uid: d82dc8ea-6326 | setToolset end, Set toolset to end:trans:[0, 0.05, 0.13], rpy:[0, 1.5707963267948963, -0], ref:trans:[0, 0, 0], rpy:[0, 0, 0], load:m:0.82316, cog:[0.009571113016310001, -0.01225178580982, 0.03667256806684] (0)
[I|2026-10-01 17:19:02.901 50994] uid: d82dc8ea-6326 | set rt local port to 1337
[I|2026-10-01 17:19:02.901 50994] uid: d82dc8ea-6326 | set timeout to 3 ms
[I|2026-10-01 17:19:02.902 50994] uid: d82dc8ea-6326 | setEndEffectorFrame [-2.220446049250313e-16, 0, 1.0000000000000002, 0, 0, 1, 0, 0.05, -1.0000000000000002, 0, -2.220446049250313e-16, 0.13, 0, 0, 0, 1] (0)
[I|2026-10-01 17:19:25.299 51020] uid: ac51bacd-19a5 | setPowerState end, switch motor true (0)
[I|2026-10-01 17:19:25.300 51020] uid: ac51bacd-19a5 | set state data port to 1338
[I|2026-10-01 17:19:25.547 51020] uid: ac51bacd-19a5 | startReceiveRobotState end, 1 ["dq_m", "pos_m", "q_m"] (0)
[I|2026-10-01 17:19:25.547 51020] uid: ac51bacd-19a5 | setJointImpedance [500, 500, 500, 500, 50, 50, 50] (0)
[I|2026-10-01 17:19:26.078 51020] uid: ac51bacd-19a5 | RtControlT startMove jointImpedance
[I|2026-10-01 17:19:26.078 51020] uid: ac51bacd-19a5 | exec startLoop false
[I|2026-10-01 17:20:35.879 51020] uid: ac51bacd-19a5 | exec stopLoop
[I|2026-10-01 17:20:35.883 51020] uid: ac51bacd-19a5 | RtControlT stopMove
[I|2026-10-01 17:20:36.021 51020] uid: ac51bacd-19a5 | setPowerState end, switch motor false (0)
[I|2026-10-01 17:23:11.387 50994] uid: ac51bacd-19a5 | setMotionControlMode end, mode: Idle (0)
[I|2026-10-01 17:23:11.393 50994] uid: ac51bacd-19a5 | disconnectFromRobot end (0)
[I|2026-10-01 17:23:55.294 51732] uid: d82dc8ea-6326 | re-watch event: moveExecution 
[I|2026-10-01 17:23:55.294 51732] uid: d82dc8ea-6326 | Connect to 192.168.1.160 from 192.168.1.100
[I|2026-10-01 17:23:55.339 51732] uid: d82dc8ea-6326 | setRtNetworkTolerance end, percent: 20% (0)
[I|2026-10-01 17:23:55.687 51732] uid: d82dc8ea-6326 | setMotionControlMode end, mode: RtCommand (0)
[I|2026-10-01 17:23:55.688 51732] uid: d82dc8ea-6326 | setOperationMode end, switch to auto (0)
[I|2026-10-01 17:23:55.690 51732] uid: d82dc8ea-6326 | setToolset end, Set toolset to end:trans:[0, 0.05, 0.13], rpy:[0, 1.5707963267948963, -0], ref:trans:[0, 0, 0], rpy:[0, 0, 0], load:m:0.82316, cog:[0.009571113016310001, -0.01225178580982, 0.03667256806684] (0)
[I|2026-10-01 17:23:55.692 51732] uid: d82dc8ea-6326 | set rt local port to 1337
[I|2026-10-01 17:23:55.692 51732] uid: d82dc8ea-6326 | set timeout to 3 ms
[I|2026-10-01 17:23:55.692 51732] uid: d82dc8ea-6326 | setEndEffectorFrame [-2.220446049250313e-16, 0, 1.0000000000000002, 0, 0, 1, 0, 0.05, -1.0000000000000002, 0, -2.220446049250313e-16, 0.13, 0, 0, 0, 1] (0)
[I|2026-10-01 17:24:05.792 51758] uid: ac51bacd-19a5 | setPowerState end, switch motor true (0)
[I|2026-10-01 17:24:05.793 51758] uid: ac51bacd-19a5 | set state data port to 1338
[I|2026-10-01 17:24:06.039 51758] uid: ac51bacd-19a5 | startReceiveRobotState end, 1 ["dq_m", "pos_m", "q_m"] (0)
[I|2026-10-01 17:24:06.039 51758] uid: ac51bacd-19a5 | setJointImpedance [500, 500, 500, 500, 50, 50, 50] (0)
[I|2026-10-01 17:24:06.566 51758] uid: ac51bacd-19a5 | RtControlT startMove jointImpedance
[I|2026-10-01 17:24:06.566 51758] uid: ac51bacd-19a5 | exec startLoop false
[I|2026-10-01 17:25:40.487 51758] uid: ac51bacd-19a5 | exec stopLoop
[I|2026-10-01 17:25:40.491 51758] uid: ac51bacd-19a5 | RtControlT stopMove
[I|2026-10-01 17:25:40.631 51758] uid: ac51bacd-19a5 | setPowerState end, switch motor false (0)
[I|2026-10-01 17:25:47.031 51732] uid: ac51bacd-19a5 | setMotionControlMode end, mode: Idle (0)
[I|2026-10-01 17:25:47.037 51732] uid: ac51bacd-19a5 | disconnectFromRobot end (0)
[I|2026-10-01 17:26:47.995 52506] uid: d82dc8ea-6326 | re-watch event: moveExecution 
[I|2026-10-01 17:26:47.995 52506] uid: d82dc8ea-6326 | Connect to 192.168.1.160 from 192.168.1.100
[I|2026-10-01 17:26:48.039 52506] uid: d82dc8ea-6326 | setRtNetworkTolerance end, percent: 20% (0)
[I|2026-10-01 17:26:48.383 52506] uid: d82dc8ea-6326 | setMotionControlMode end, mode: RtCommand (0)
[I|2026-10-01 17:26:48.384 52506] uid: d82dc8ea-6326 | setOperationMode end, switch to auto (0)
[I|2026-10-01 17:26:48.387 52506] uid: d82dc8ea-6326 | setToolset end, Set toolset to end:trans:[0, 0.05, 0.13], rpy:[0, 1.5707963267948963, -0], ref:trans:[0, 0, 0], rpy:[0, 0, 0], load:m:0.82316, cog:[0.009571113016310001, -0.01225178580982, 0.03667256806684] (0)
[I|2026-10-01 17:26:48.388 52506] uid: d82dc8ea-6326 | set rt local port to 1337
[I|2026-10-01 17:26:48.388 52506] uid: d82dc8ea-6326 | set timeout to 3 ms
[I|2026-10-01 17:26:48.389 52506] uid: d82dc8ea-6326 | setEndEffectorFrame [-2.220446049250313e-16, 0, 1.0000000000000002, 0, 0, 1, 0, 0.05, -1.0000000000000002, 0, -2.220446049250313e-16, 0.13, 0, 0, 0, 1] (0)
[I|2026-10-01 17:26:51.284 52532] uid: ac51bacd-19a5 | setPowerState end, switch motor true (0)
[I|2026-10-01 17:26:51.286 52532] uid: ac51bacd-19a5 | set state data port to 1338
[I|2026-10-01 17:26:51.526 52532] uid: ac51bacd-19a5 | startReceiveRobotState end, 1 ["dq_m", "pos_m", "q_m"] (0)
[I|2026-10-01 17:26:51.527 52532] uid: ac51bacd-19a5 | setJointImpedance [500, 500, 500, 500, 50, 50, 50] (0)
[I|2026-10-01 17:26:52.058 52532] uid: ac51bacd-19a5 | RtControlT startMove jointImpedance
[I|2026-10-01 17:26:52.058 52532] uid: ac51bacd-19a5 | exec startLoop false
[I|2026-10-01 17:33:15.183 52532] uid: ac51bacd-19a5 | exec stopLoop
[I|2026-10-01 17:33:15.187 52532] uid: ac51bacd-19a5 | RtControlT stopMove
[I|2026-10-01 17:33:15.333 52532] uid: ac51bacd-19a5 | setPowerState end, switch motor false (0)
[I|2026-10-01 17:33:18.275 52506] uid: ac51bacd-19a5 | setMotionControlMode end, mode: Idle (0)
[I|2026-10-01 17:33:18.280 52506] uid: ac51bacd-19a5 | disconnectFromRobot end (0)
[I|2026-10-01 17:36:59.183 53274] uid: d82dc8ea-6326 | re-watch event: moveExecution 
[I|2026-10-01 17:36:59.183 53274] uid: d82dc8ea-6326 | Connect to 192.168.1.160 from 192.168.1.100
[I|2026-10-01 17:36:59.227 53274] uid: d82dc8ea-6326 | setRtNetworkTolerance end, percent: 20% (0)
[I|2026-10-01 17:36:59.571 53274] uid: d82dc8ea-6326 | setMotionControlMode end, mode: RtCommand (0)
[I|2026-10-01 17:36:59.572 53274] uid: d82dc8ea-6326 | setOperationMode end, switch to auto (0)
[I|2026-10-01 17:36:59.575 53274] uid: d82dc8ea-6326 | setToolset end, Set toolset to end:trans:[0, 0.05, 0.13], rpy:[0, 1.5707963267948963, -0], ref:trans:[0, 0, 0], rpy:[0, 0, 0], load:m:0.82316, cog:[0.009571113016310001, -0.01225178580982, 0.03667256806684] (0)
[I|2026-10-01 17:36:59.576 53274] uid: d82dc8ea-6326 | set rt local port to 1337
[I|2026-10-01 17:36:59.576 53274] uid: d82dc8ea-6326 | set timeout to 3 ms
[I|2026-10-01 17:36:59.577 53274] uid: d82dc8ea-6326 | setEndEffectorFrame [-2.220446049250313e-16, 0, 1.0000000000000002, 0, 0, 1, 0, 0.05, -1.0000000000000002, 0, -2.220446049250313e-16, 0.13, 0, 0, 0, 1] (0)
[I|2026-10-01 17:37:06.661 53300] uid: ac51bacd-19a5 | setPowerState end, switch motor true (0)
[I|2026-10-01 17:37:06.663 53300] uid: ac51bacd-19a5 | set state data port to 1338
[I|2026-10-01 17:37:06.907 53300] uid: ac51bacd-19a5 | startReceiveRobotState end, 1 ["dq_m", "pos_m", "q_m"] (0)
[I|2026-10-01 17:37:06.907 53300] uid: ac51bacd-19a5 | setJointImpedance [500, 500, 500, 500, 50, 50, 50] (0)
[I|2026-10-01 17:37:07.435 53300] uid: ac51bacd-19a5 | RtControlT startMove jointImpedance
[I|2026-10-01 17:37:07.435 53300] uid: ac51bacd-19a5 | exec startLoop false
[I|2026-10-01 17:49:28.746 53300] uid: ac51bacd-19a5 | exec stopLoop
[I|2026-10-01 17:49:28.751 53300] uid: ac51bacd-19a5 | RtControlT stopMove
[I|2026-10-01 17:49:28.891 53300] uid: ac51bacd-19a5 | setPowerState end, switch motor false (0)
[I|2026-10-01 17:49:48.183 53274] uid: ac51bacd-19a5 | setMotionControlMode end, mode: Idle (0)
[I|2026-10-01 17:49:48.188 53274] uid: ac51bacd-19a5 | disconnectFromRobot end (0)
