[I|2026-09-29 11:34:23.586 639179] uid: d82dc8ea-6326 | re-watch event: moveExecution 
[I|2026-09-29 11:34:23.586 639179] uid: d82dc8ea-6326 | Connect to 192.168.1.160 from 192.168.1.100
[I|2026-09-29 11:34:23.634 639179] uid: d82dc8ea-6326 | setRtNetworkTolerance end, percent: 20% (0)
[I|2026-09-29 11:34:23.978 639179] uid: d82dc8ea-6326 | setMotionControlMode end, mode: RtCommand (0)
[I|2026-09-29 11:34:23.980 639179] uid: d82dc8ea-6326 | setOperationMode end, switch to auto (0)
[I|2026-09-29 11:34:23.983 639179] uid: d82dc8ea-6326 | setToolset end, Set toolset to end:trans:[0, 0, 0.1], rpy:[0, 1.5707963267948963, -0], ref:trans:[0, 0, 0], rpy:[0, 0, 0], load:m:0.82316, cog:[0.009571113016310001, -0.01225178580982, 0.03667256806684] (0)
[I|2026-09-29 11:34:23.985 639179] uid: d82dc8ea-6326 | set rt local port to 1337
[I|2026-09-29 11:34:23.985 639179] uid: d82dc8ea-6326 | set timeout to 3 ms
[I|2026-09-29 11:34:23.986 639179] uid: d82dc8ea-6326 | setEndEffectorFrame [-2.220446049250313e-16, 0, 1.0000000000000002, 0, 0, 1, 0, 0, -1.0000000000000002, 0, -2.220446049250313e-16, 0.1, 0, 0, 0, 1] (0)
[I|2026-09-29 11:36:20.706 639179] uid: ac51bacd-19a5 | setMotionControlMode end, mode: Idle (0)
[I|2026-09-29 11:36:20.714 639179] uid: ac51bacd-19a5 | disconnectFromRobot end (0)
[I|2026-09-29 11:36:29.750 639345] uid: d82dc8ea-6326 | re-watch event: moveExecution 
[I|2026-09-29 11:36:29.750 639345] uid: d82dc8ea-6326 | Connect to 192.168.1.160 from 192.168.1.100
[I|2026-09-29 11:36:29.794 639345] uid: d82dc8ea-6326 | setRtNetworkTolerance end, percent: 20% (0)
[I|2026-09-29 11:36:30.138 639345] uid: d82dc8ea-6326 | setMotionControlMode end, mode: RtCommand (0)
[I|2026-09-29 11:36:30.140 639345] uid: d82dc8ea-6326 | setOperationMode end, switch to auto (0)
[I|2026-09-29 11:36:30.143 639345] uid: d82dc8ea-6326 | setToolset end, Set toolset to end:trans:[0, 0, 0.1], rpy:[0, 1.5707963267948963, -0], ref:trans:[0, 0, 0], rpy:[0, 0, 0], load:m:0.82316, cog:[0.009571113016310001, -0.01225178580982, 0.03667256806684] (0)
[I|2026-09-29 11:36:30.145 639345] uid: d82dc8ea-6326 | set rt local port to 1337
[I|2026-09-29 11:36:30.145 639345] uid: d82dc8ea-6326 | set timeout to 3 ms
[I|2026-09-29 11:36:30.146 639345] uid: d82dc8ea-6326 | setEndEffectorFrame [-2.220446049250313e-16, 0, 1.0000000000000002, 0, 0, 1, 0, 0, -1.0000000000000002, 0, -2.220446049250313e-16, 0.1, 0, 0, 0, 1] (0)
[I|2026-09-29 11:37:13.730 639345] uid: ac51bacd-19a5 | setMotionControlMode end, mode: Idle (0)
[I|2026-09-29 11:37:13.739 639345] uid: ac51bacd-19a5 | disconnectFromRobot end (0)
[I|2026-09-29 11:38:24.842 639755] uid: d82dc8ea-6326 | re-watch event: moveExecution 
[I|2026-09-29 11:38:24.842 639755] uid: d82dc8ea-6326 | Connect to 192.168.1.160 from 192.168.1.100
[I|2026-09-29 11:38:24.890 639755] uid: d82dc8ea-6326 | setRtNetworkTolerance end, percent: 20% (0)
[I|2026-09-29 11:38:25.234 639755] uid: d82dc8ea-6326 | setMotionControlMode end, mode: RtCommand (0)
[I|2026-09-29 11:38:25.235 639755] uid: d82dc8ea-6326 | setOperationMode end, switch to auto (0)
[I|2026-09-29 11:38:25.238 639755] uid: d82dc8ea-6326 | setToolset end, Set toolset to end:trans:[0, 0, 0.1], rpy:[0, 1.5707963267948963, -0], ref:trans:[0, 0, 0], rpy:[0, 0, 0], load:m:0.82316, cog:[0.009571113016310001, -0.01225178580982, 0.03667256806684] (0)
[I|2026-09-29 11:38:25.241 639755] uid: d82dc8ea-6326 | set rt local port to 1337
[I|2026-09-29 11:38:25.241 639755] uid: d82dc8ea-6326 | set timeout to 3 ms
[I|2026-09-29 11:38:25.242 639755] uid: d82dc8ea-6326 | setEndEffectorFrame [-2.220446049250313e-16, 0, 1.0000000000000002, 0, 0, 1, 0, 0, -1.0000000000000002, 0, -2.220446049250313e-16, 0.1, 0, 0, 0, 1] (0)
[I|2026-09-29 11:38:34.669 639781] uid: ac51bacd-19a5 | setPowerState end, switch motor true (0)
[I|2026-09-29 11:38:34.671 639781] uid: ac51bacd-19a5 | set state data port to 1338
[I|2026-09-29 11:38:34.914 639781] uid: ac51bacd-19a5 | startReceiveRobotState end, 1 ["dq_m", "pos_m", "q_m"] (0)
[I|2026-09-29 11:38:34.915 639781] uid: ac51bacd-19a5 | setJointImpedance [500, 500, 500, 500, 50, 50, 50] (0)
[I|2026-09-29 11:38:35.443 639781] uid: ac51bacd-19a5 | RtControlT startMove jointImpedance
[I|2026-09-29 11:38:35.443 639781] uid: ac51bacd-19a5 | exec startLoop false
[I|2026-09-29 11:39:11.683 639781] uid: ac51bacd-19a5 | exec stopLoop
[I|2026-09-29 11:39:11.688 639781] uid: ac51bacd-19a5 | RtControlT stopMove
[I|2026-09-29 11:39:11.827 639781] uid: ac51bacd-19a5 | setPowerState end, switch motor false (0)
[I|2026-09-29 11:39:14.458 639755] uid: ac51bacd-19a5 | setMotionControlMode end, mode: Idle (0)
[I|2026-09-29 11:39:14.467 639755] uid: ac51bacd-19a5 | disconnectFromRobot end (0)
[I|2026-09-29 11:41:30.266 645343] uid: d82dc8ea-6326 | re-watch event: moveExecution 
[I|2026-09-29 11:41:30.266 645343] uid: d82dc8ea-6326 | Connect to 192.168.1.160 from 192.168.1.100
[I|2026-09-29 11:41:30.310 645343] uid: d82dc8ea-6326 | setRtNetworkTolerance end, percent: 20% (0)
[I|2026-09-29 11:41:30.654 645343] uid: d82dc8ea-6326 | setMotionControlMode end, mode: RtCommand (0)
[I|2026-09-29 11:41:30.656 645343] uid: d82dc8ea-6326 | setOperationMode end, switch to auto (0)
[I|2026-09-29 11:41:30.659 645343] uid: d82dc8ea-6326 | setToolset end, Set toolset to end:trans:[0, 0, 0.1], rpy:[0, 1.5707963267948963, -0], ref:trans:[0, 0, 0], rpy:[0, 0, 0], load:m:0.82316, cog:[0.009571113016310001, -0.01225178580982, 0.03667256806684] (0)
[I|2026-09-29 11:41:30.662 645343] uid: d82dc8ea-6326 | set rt local port to 1337
[I|2026-09-29 11:41:30.662 645343] uid: d82dc8ea-6326 | set timeout to 3 ms
[I|2026-09-29 11:41:30.663 645343] uid: d82dc8ea-6326 | setEndEffectorFrame [-2.220446049250313e-16, 0, 1.0000000000000002, 0, 0, 1, 0, 0, -1.0000000000000002, 0, -2.220446049250313e-16, 0.1, 0, 0, 0, 1] (0)
[I|2026-09-29 11:41:45.710 645370] uid: ac51bacd-19a5 | setPowerState end, switch motor true (0)
[I|2026-09-29 11:41:45.711 645370] uid: ac51bacd-19a5 | set state data port to 1338
[I|2026-09-29 11:41:45.958 645370] uid: ac51bacd-19a5 | startReceiveRobotState end, 1 ["dq_m", "pos_m", "q_m"] (0)
[I|2026-09-29 11:41:45.958 645370] uid: ac51bacd-19a5 | setJointImpedance [500, 500, 500, 500, 50, 50, 50] (0)
[I|2026-09-29 11:41:46.487 645370] uid: ac51bacd-19a5 | RtControlT startMove jointImpedance
[I|2026-09-29 11:41:46.487 645370] uid: ac51bacd-19a5 | exec startLoop false
[I|2026-09-29 11:41:46.764 645370] uid: ac51bacd-19a5 | exec stopLoop
[I|2026-09-29 11:41:46.768 645370] uid: ac51bacd-19a5 | RtControlT stopMove
[I|2026-09-29 11:41:46.903 645370] uid: ac51bacd-19a5 | setPowerState end, switch motor false (0)
[I|2026-09-29 11:42:15.417 645370] uid: ac51bacd-19a5 | setPowerState end, switch motor true (0)
[I|2026-09-29 11:42:15.419 645370] uid: ac51bacd-19a5 | set state data port to 1338
[I|2026-09-29 11:42:15.666 645370] uid: ac51bacd-19a5 | startReceiveRobotState end, 1 ["dq_m", "pos_m", "q_m"] (0)
[I|2026-09-29 11:42:15.667 645370] uid: ac51bacd-19a5 | setJointImpedance [500, 500, 500, 500, 50, 50, 50] (0)
[I|2026-09-29 11:42:16.194 645370] uid: ac51bacd-19a5 | RtControlT startMove jointImpedance
[I|2026-09-29 11:42:16.194 645370] uid: ac51bacd-19a5 | exec startLoop false
[I|2026-09-29 11:42:16.469 645370] uid: ac51bacd-19a5 | exec stopLoop
[I|2026-09-29 11:42:16.474 645370] uid: ac51bacd-19a5 | RtControlT stopMove
[I|2026-09-29 11:42:16.610 645370] uid: ac51bacd-19a5 | setPowerState end, switch motor false (0)
[I|2026-09-29 11:43:08.065 645370] uid: ac51bacd-19a5 | setPowerState end, switch motor true (0)
[I|2026-09-29 11:43:08.067 645370] uid: ac51bacd-19a5 | set state data port to 1338
[I|2026-09-29 11:43:08.309 645370] uid: ac51bacd-19a5 | startReceiveRobotState end, 1 ["dq_m", "pos_m", "q_m"] (0)
[I|2026-09-29 11:43:08.310 645370] uid: ac51bacd-19a5 | setJointImpedance [500, 500, 500, 500, 50, 50, 50] (0)
[I|2026-09-29 11:43:08.837 645370] uid: ac51bacd-19a5 | RtControlT startMove jointImpedance
[I|2026-09-29 11:43:08.837 645370] uid: ac51bacd-19a5 | exec startLoop false
[I|2026-09-29 11:43:09.111 645370] uid: ac51bacd-19a5 | exec stopLoop
[I|2026-09-29 11:43:09.116 645370] uid: ac51bacd-19a5 | RtControlT stopMove
[I|2026-09-29 11:43:09.251 645370] uid: ac51bacd-19a5 | setPowerState end, switch motor false (0)
[I|2026-09-29 11:43:34.830 645343] uid: ac51bacd-19a5 | setMotionControlMode end, mode: Idle (0)
[I|2026-09-29 11:43:34.837 645343] uid: ac51bacd-19a5 | disconnectFromRobot end (0)
[I|2026-09-29 13:27:02.178 652665] uid: d82dc8ea-6326 | re-watch event: moveExecution 
[I|2026-09-29 13:27:02.178 652665] uid: d82dc8ea-6326 | Connect to 192.168.1.160 from 192.168.1.100
[I|2026-09-29 13:27:02.222 652665] uid: d82dc8ea-6326 | setRtNetworkTolerance end, percent: 20% (0)
[I|2026-09-29 13:27:02.566 652665] uid: d82dc8ea-6326 | setMotionControlMode end, mode: RtCommand (0)
[I|2026-09-29 13:27:02.568 652665] uid: d82dc8ea-6326 | setOperationMode end, switch to auto (0)
[I|2026-09-29 13:27:02.571 652665] uid: d82dc8ea-6326 | setToolset end, Set toolset to end:trans:[0, 0, 0.1], rpy:[0, 1.5707963267948963, -0], ref:trans:[0, 0, 0], rpy:[0, 0, 0], load:m:0.82316, cog:[0.009571113016310001, -0.01225178580982, 0.03667256806684] (0)
[I|2026-09-29 13:27:02.573 652665] uid: d82dc8ea-6326 | set rt local port to 1337
[I|2026-09-29 13:27:02.573 652665] uid: d82dc8ea-6326 | set timeout to 3 ms
[I|2026-09-29 13:27:02.574 652665] uid: d82dc8ea-6326 | setEndEffectorFrame [-2.220446049250313e-16, 0, 1.0000000000000002, 0, 0, 1, 0, 0, -1.0000000000000002, 0, -2.220446049250313e-16, 0.1, 0, 0, 0, 1] (0)
[I|2026-09-29 13:27:11.044 652692] uid: ac51bacd-19a5 | setPowerState end, switch motor true (0)
[I|2026-09-29 13:27:11.046 652692] uid: ac51bacd-19a5 | set state data port to 1338
[I|2026-09-29 13:27:11.290 652692] uid: ac51bacd-19a5 | startReceiveRobotState end, 1 ["dq_m", "pos_m", "q_m"] (0)
[I|2026-09-29 13:27:11.291 652692] uid: ac51bacd-19a5 | setJointImpedance [500, 500, 500, 500, 50, 50, 50] (0)
[I|2026-09-29 13:27:11.823 652692] uid: ac51bacd-19a5 | RtControlT startMove jointImpedance
[I|2026-09-29 13:27:11.823 652692] uid: ac51bacd-19a5 | exec startLoop false
[I|2026-09-29 13:28:20.249 652692] uid: ac51bacd-19a5 | exec stopLoop
[I|2026-09-29 13:28:20.253 652692] uid: ac51bacd-19a5 | RtControlT stopMove
[I|2026-09-29 13:28:20.395 652692] uid: ac51bacd-19a5 | setPowerState end, switch motor false (0)
[I|2026-09-29 13:28:28.170 652665] uid: ac51bacd-19a5 | setMotionControlMode end, mode: Idle (0)
[I|2026-09-29 13:28:28.176 652665] uid: ac51bacd-19a5 | disconnectFromRobot end (0)
[I|2026-09-29 13:30:17.918 657897] uid: d82dc8ea-6326 | re-watch event: moveExecution 
[I|2026-09-29 13:30:17.918 657897] uid: d82dc8ea-6326 | Connect to 192.168.1.160 from 192.168.1.100
[I|2026-09-29 13:30:17.962 657897] uid: d82dc8ea-6326 | setRtNetworkTolerance end, percent: 20% (0)
[I|2026-09-29 13:30:18.306 657897] uid: d82dc8ea-6326 | setMotionControlMode end, mode: RtCommand (0)
[I|2026-09-29 13:30:18.308 657897] uid: d82dc8ea-6326 | setOperationMode end, switch to auto (0)
[I|2026-09-29 13:30:18.311 657897] uid: d82dc8ea-6326 | setToolset end, Set toolset to end:trans:[0, 0, 0.1], rpy:[0, 1.5707963267948963, -0], ref:trans:[0, 0, 0], rpy:[0, 0, 0], load:m:0.82316, cog:[0.009571113016310001, -0.01225178580982, 0.03667256806684] (0)
[I|2026-09-29 13:30:18.313 657897] uid: d82dc8ea-6326 | set rt local port to 1337
[I|2026-09-29 13:30:18.313 657897] uid: d82dc8ea-6326 | set timeout to 3 ms
[I|2026-09-29 13:30:18.314 657897] uid: d82dc8ea-6326 | setEndEffectorFrame [-2.220446049250313e-16, 0, 1.0000000000000002, 0, 0, 1, 0, 0, -1.0000000000000002, 0, -2.220446049250313e-16, 0.1, 0, 0, 0, 1] (0)
[I|2026-09-29 13:30:22.045 657925] uid: ac51bacd-19a5 | setPowerState end, switch motor true (0)
[I|2026-09-29 13:30:22.046 657925] uid: ac51bacd-19a5 | set state data port to 1338
[I|2026-09-29 13:30:22.290 657925] uid: ac51bacd-19a5 | startReceiveRobotState end, 1 ["dq_m", "pos_m", "q_m"] (0)
[I|2026-09-29 13:30:22.291 657925] uid: ac51bacd-19a5 | setJointImpedance [500, 500, 500, 500, 50, 50, 50] (0)
[I|2026-09-29 13:30:22.822 657925] uid: ac51bacd-19a5 | RtControlT startMove jointImpedance
[I|2026-09-29 13:30:22.822 657925] uid: ac51bacd-19a5 | exec startLoop false
[I|2026-09-29 13:31:09.116 657925] uid: ac51bacd-19a5 | exec stopLoop
[I|2026-09-29 13:31:09.121 657925] uid: ac51bacd-19a5 | RtControlT stopMove
[I|2026-09-29 13:31:09.257 657925] uid: ac51bacd-19a5 | setPowerState end, switch motor false (0)
[I|2026-09-29 13:34:26.918 657897] uid: ac51bacd-19a5 | setMotionControlMode end, mode: Idle (0)
[I|2026-09-29 13:34:26.924 657897] uid: ac51bacd-19a5 | disconnectFromRobot end (0)
[I|2026-09-29 13:37:52.586 660890] uid: d82dc8ea-6326 | re-watch event: moveExecution 
[I|2026-09-29 13:37:52.586 660890] uid: d82dc8ea-6326 | Connect to 192.168.1.160 from 192.168.1.100
[I|2026-09-29 13:37:52.630 660890] uid: d82dc8ea-6326 | setRtNetworkTolerance end, percent: 20% (0)
[I|2026-09-29 13:37:52.974 660890] uid: d82dc8ea-6326 | setMotionControlMode end, mode: RtCommand (0)
[I|2026-09-29 13:37:52.976 660890] uid: d82dc8ea-6326 | setOperationMode end, switch to auto (0)
[I|2026-09-29 13:37:52.979 660890] uid: d82dc8ea-6326 | setToolset end, Set toolset to end:trans:[0, 0, 0.1], rpy:[0, 1.5707963267948963, -0], ref:trans:[0, 0, 0], rpy:[0, 0, 0], load:m:0.82316, cog:[0.009571113016310001, -0.01225178580982, 0.03667256806684] (0)
[I|2026-09-29 13:37:52.982 660890] uid: d82dc8ea-6326 | set rt local port to 1337
[I|2026-09-29 13:37:52.982 660890] uid: d82dc8ea-6326 | set timeout to 3 ms
[I|2026-09-29 13:37:52.983 660890] uid: d82dc8ea-6326 | setEndEffectorFrame [-2.220446049250313e-16, 0, 1.0000000000000002, 0, 0, 1, 0, 0, -1.0000000000000002, 0, -2.220446049250313e-16, 0.1, 0, 0, 0, 1] (0)
[I|2026-09-29 13:38:04.203 660916] uid: ac51bacd-19a5 | setPowerState end, switch motor true (0)
[I|2026-09-29 13:38:04.205 660916] uid: ac51bacd-19a5 | set state data port to 1338
[I|2026-09-29 13:38:04.450 660916] uid: ac51bacd-19a5 | startReceiveRobotState end, 1 ["dq_m", "pos_m", "q_m"] (0)
[I|2026-09-29 13:38:04.451 660916] uid: ac51bacd-19a5 | setJointImpedance [500, 500, 500, 500, 50, 50, 50] (0)
[I|2026-09-29 13:38:04.979 660916] uid: ac51bacd-19a5 | RtControlT startMove jointImpedance
[I|2026-09-29 13:38:04.979 660916] uid: ac51bacd-19a5 | exec startLoop false
[I|2026-09-29 13:38:39.112 660916] uid: ac51bacd-19a5 | exec stopLoop
[I|2026-09-29 13:38:39.117 660916] uid: ac51bacd-19a5 | RtControlT stopMove
[I|2026-09-29 13:38:39.254 660916] uid: ac51bacd-19a5 | setPowerState end, switch motor false (0)
[I|2026-09-29 13:50:05.902 660890] uid: ac51bacd-19a5 | setMotionControlMode end, mode: Idle (0)
[I|2026-09-29 13:50:05.909 660890] uid: ac51bacd-19a5 | disconnectFromRobot end (0)
[I|2026-09-29 13:57:53.762 667113] uid: d82dc8ea-6326 | re-watch event: moveExecution 
[I|2026-09-29 13:57:53.762 667113] uid: d82dc8ea-6326 | Connect to 192.168.1.160 from 192.168.1.100
[I|2026-09-29 13:57:53.806 667113] uid: d82dc8ea-6326 | setRtNetworkTolerance end, percent: 20% (0)
[I|2026-09-29 13:57:54.150 667113] uid: d82dc8ea-6326 | setMotionControlMode end, mode: RtCommand (0)
[I|2026-09-29 13:57:54.152 667113] uid: d82dc8ea-6326 | setOperationMode end, switch to auto (-3)
[I|2026-09-29 13:57:54.238 667113] uid: d82dc8ea-6326 | setMotionControlMode end, mode: Idle (0)
[I|2026-09-29 13:57:54.243 667113] uid: d82dc8ea-6326 | disconnectFromRobot end (0)
[I|2026-09-29 13:58:00.870 667152] uid: d82dc8ea-6326 | re-watch event: moveExecution 
[I|2026-09-29 13:58:00.870 667152] uid: d82dc8ea-6326 | Connect to 192.168.1.160 from 192.168.1.100
[I|2026-09-29 13:58:00.918 667152] uid: d82dc8ea-6326 | setRtNetworkTolerance end, percent: 20% (0)
[I|2026-09-29 13:58:01.266 667152] uid: d82dc8ea-6326 | setMotionControlMode end, mode: RtCommand (0)
[I|2026-09-29 13:58:01.268 667152] uid: d82dc8ea-6326 | setOperationMode end, switch to auto (0)
[I|2026-09-29 13:58:01.271 667152] uid: d82dc8ea-6326 | setToolset end, Set toolset to end:trans:[0, 0, 0.1], rpy:[0, 1.5707963267948963, -0], ref:trans:[0, 0, 0], rpy:[0, 0, 0], load:m:0.82316, cog:[0.009571113016310001, -0.01225178580982, 0.03667256806684] (0)
[I|2026-09-29 13:58:01.273 667152] uid: d82dc8ea-6326 | set rt local port to 1337
[I|2026-09-29 13:58:01.273 667152] uid: d82dc8ea-6326 | set timeout to 3 ms
[I|2026-09-29 13:58:01.274 667152] uid: d82dc8ea-6326 | setEndEffectorFrame [-2.220446049250313e-16, 0, 1.0000000000000002, 0, 0, 1, 0, 0, -1.0000000000000002, 0, -2.220446049250313e-16, 0.1, 0, 0, 0, 1] (0)
[I|2026-09-29 13:58:06.307 667178] uid: ac51bacd-19a5 | setPowerState end, switch motor true (0)
[I|2026-09-29 13:58:06.308 667178] uid: ac51bacd-19a5 | set state data port to 1338
[I|2026-09-29 13:58:06.554 667178] uid: ac51bacd-19a5 | startReceiveRobotState end, 1 ["dq_m", "pos_m", "q_m"] (0)
[I|2026-09-29 13:58:06.554 667178] uid: ac51bacd-19a5 | setJointImpedance [500, 500, 500, 500, 50, 50, 50] (0)
[I|2026-09-29 13:58:07.087 667178] uid: ac51bacd-19a5 | RtControlT startMove jointImpedance
[I|2026-09-29 13:58:07.087 667178] uid: ac51bacd-19a5 | exec startLoop false
[I|2026-09-29 13:58:41.247 667178] uid: ac51bacd-19a5 | exec stopLoop
[I|2026-09-29 13:58:41.252 667178] uid: ac51bacd-19a5 | RtControlT stopMove
[I|2026-09-29 13:58:41.381 667178] uid: ac51bacd-19a5 | setPowerState end, switch motor false (0)
[I|2026-09-29 13:58:45.974 667152] uid: ac51bacd-19a5 | setMotionControlMode end, mode: Idle (0)
[I|2026-09-29 13:58:45.983 667152] uid: ac51bacd-19a5 | disconnectFromRobot end (0)
